Archive member included to satisfy reference by file (symbol)

C:/ST/STM32CubeIDE_2.1.0/STM32CubeIDE/plugins/com.st.stm32cube.ide.mcu.externaltools.gnu-tools-for-stm32.14.3.rel1.win32_1.0.100.202602081740/tools/bin/../lib/gcc/arm-none-eabi/14.3.1/../../../../arm-none-eabi/lib/thumb/v7e-m+fp/hard\libc_nano.a(libc_a-exit.o)
                              C:/ST/STM32CubeIDE_2.1.0/STM32CubeIDE/plugins/com.st.stm32cube.ide.mcu.externaltools.gnu-tools-for-stm32.14.3.rel1.win32_1.0.100.202602081740/tools/bin/../lib/gcc/arm-none-eabi/14.3.1/../../../../arm-none-eabi/lib/thumb/v7e-m+fp/hard/crt0.o (exit)
C:/ST/STM32CubeIDE_2.1.0/STM32CubeIDE/plugins/com.st.stm32cube.ide.mcu.externaltools.gnu-tools-for-stm32.14.3.rel1.win32_1.0.100.202602081740/tools/bin/../lib/gcc/arm-none-eabi/14.3.1/../../../../arm-none-eabi/lib/thumb/v7e-m+fp/hard\libc_nano.a(libc_a-strtod.o)
                              ./Core/Src/comm/pid_tuning.o (strtof)
C:/ST/STM32CubeIDE_2.1.0/STM32CubeIDE/plugins/com.st.stm32cube.ide.mcu.externaltools.gnu-tools-for-stm32.14.3.rel1.win32_1.0.100.202602081740/tools/bin/../lib/gcc/arm-none-eabi/14.3.1/../../../../arm-none-eabi/lib/thumb/v7e-m+fp/hard\libc_nano.a(libc_a-findfp.o)
                              C:/ST/STM32CubeIDE_2.1.0/STM32CubeIDE/plugins/com.st.stm32cube.ide.mcu.externaltools.gnu-tools-for-stm32.14.3.rel1.win32_1.0.100.202602081740/tools/bin/../lib/gcc/arm-none-eabi/14.3.1/../../../../arm-none-eabi/lib/thumb/v7e-m+fp/hard\libc_nano.a(libc_a-exit.o) (__stdio_exit_handler)
C:/ST/STM32CubeIDE_2.1.0/STM32CubeIDE/plugins/com.st.stm32cube.ide.mcu.externaltools.gnu-tools-for-stm32.14.3.rel1.win32_1.0.100.202602081740/tools/bin/../lib/gcc/arm-none-eabi/14.3.1/../../../../arm-none-eabi/lib/thumb/v7e-m+fp/hard\libc_nano.a(libc_a-fwalk.o)
                              C:/ST/STM32CubeIDE_2.1.0/STM32CubeIDE/plugins/com.st.stm32cube.ide.mcu.externaltools.gnu-tools-for-stm32.14.3.rel1.win32_1.0.100.202602081740/tools/bin/../lib/gcc/arm-none-eabi/14.3.1/../../../../arm-none-eabi/lib/thumb/v7e-m+fp/hard\libc_nano.a(libc_a-findfp.o) (_fwalk_sglue)
C:/ST/STM32CubeIDE_2.1.0/STM32CubeIDE/plugins/com.st.stm32cube.ide.mcu.externaltools.gnu-tools-for-stm32.14.3.rel1.win32_1.0.100.202602081740/tools/bin/../lib/gcc/arm-none-eabi/14.3.1/../../../../arm-none-eabi/lib/thumb/v7e-m+fp/hard\libc_nano.a(libc_a-snprintf.o)
                              ./Core/Src/comm/pid_tuning.o (snprintf)
C:/ST/STM32CubeIDE_2.1.0/STM32CubeIDE/plugins/com.st.stm32cube.ide.mcu.externaltools.gnu-tools-for-stm32.14.3.rel1.win32_1.0.100.202602081740/tools/bin/../lib/gcc/arm-none-eabi/14.3.1/../../../../arm-none-eabi/lib/thumb/v7e-m+fp/hard\libc_nano.a(libc_a-stdio.o)
                              C:/ST/STM32CubeIDE_2.1.0/STM32CubeIDE/plugins/com.st.stm32cube.ide.mcu.externaltools.gnu-tools-for-stm32.14.3.rel1.win32_1.0.100.202602081740/tools/bin/../lib/gcc/arm-none-eabi/14.3.1/../../../../arm-none-eabi/lib/thumb/v7e-m+fp/hard\libc_nano.a(libc_a-findfp.o) (__sread)
C:/ST/STM32CubeIDE_2.1.0/STM32CubeIDE/plugins/com.st.stm32cube.ide.mcu.externaltools.gnu-tools-for-stm32.14.3.rel1.win32_1.0.100.202602081740/tools/bin/../lib/gcc/arm-none-eabi/14.3.1/../../../../arm-none-eabi/lib/thumb/v7e-m+fp/hard\libc_nano.a(libc_a-memset.o)
                              C:/ST/STM32CubeIDE_2.1.0/STM32CubeIDE/plugins/com.st.stm32cube.ide.mcu.externaltools.gnu-tools-for-stm32.14.3.rel1.win32_1.0.100.202602081740/tools/bin/../lib/gcc/arm-none-eabi/14.3.1/../../../../arm-none-eabi/lib/thumb/v7e-m+fp/hard/crt0.o (memset)
C:/ST/STM32CubeIDE_2.1.0/STM32CubeIDE/plugins/com.st.stm32cube.ide.mcu.externaltools.gnu-tools-for-stm32.14.3.rel1.win32_1.0.100.202602081740/tools/bin/../lib/gcc/arm-none-eabi/14.3.1/../../../../arm-none-eabi/lib/thumb/v7e-m+fp/hard\libc_nano.a(libc_a-strncmp.o)
                              C:/ST/STM32CubeIDE_2.1.0/STM32CubeIDE/plugins/com.st.stm32cube.ide.mcu.externaltools.gnu-tools-for-stm32.14.3.rel1.win32_1.0.100.202602081740/tools/bin/../lib/gcc/arm-none-eabi/14.3.1/../../../../arm-none-eabi/lib/thumb/v7e-m+fp/hard\libc_nano.a(libc_a-strtod.o) (strncmp)
C:/ST/STM32CubeIDE_2.1.0/STM32CubeIDE/plugins/com.st.stm32cube.ide.mcu.externaltools.gnu-tools-for-stm32.14.3.rel1.win32_1.0.100.202602081740/tools/bin/../lib/gcc/arm-none-eabi/14.3.1/../../../../arm-none-eabi/lib/thumb/v7e-m+fp/hard\libc_nano.a(libc_a-strncpy.o)
                              ./Core/Src/comm/pid_tuning.o (strncpy)
C:/ST/STM32CubeIDE_2.1.0/STM32CubeIDE/plugins/com.st.stm32cube.ide.mcu.externaltools.gnu-tools-for-stm32.14.3.rel1.win32_1.0.100.202602081740/tools/bin/../lib/gcc/arm-none-eabi/14.3.1/../../../../arm-none-eabi/lib/thumb/v7e-m+fp/hard\libc_nano.a(libc_a-strtok.o)
                              ./Core/Src/comm/pid_tuning.o (strtok)
[...]
Memory Configuration

Name             Origin             Length             Attributes
RAM              0x20000000         0x00020000         xrw
FLASH            0x08000000         0x00080000         xr
*default*        0x00000000         0xffffffff

Linker script and memory map

LOAD C:/ST/STM32CubeIDE_2.1.0/STM32CubeIDE/plugins/com.st.stm32cube.ide.mcu.externaltools.gnu-tools-for-stm32.14.3.rel1.win32_1.0.100.202602081740/tools/bin/../lib/gcc/arm-none-eabi/14.3.1/thumb/v7e-m+fp/hard/crti.o
LOAD C:/ST/STM32CubeIDE_2.1.0/STM32CubeIDE/plugins/com.st.stm32cube.ide.mcu.externaltools.gnu-tools-for-stm32.14.3.rel1.win32_1.0.100.202602081740/tools/bin/../lib/gcc/arm-none-eabi/14.3.1/thumb/v7e-m+fp/hard/crtbegin.o
LOAD C:/ST/STM32CubeIDE_2.1.0/STM32CubeIDE/plugins/com.st.stm32cube.ide.mcu.externaltools.gnu-tools-for-stm32.14.3.rel1.win32_1.0.100.202602081740/tools/bin/../lib/gcc/arm-none-eabi/14.3.1/../../../../arm-none-eabi/lib/thumb/v7e-m+fp/hard/crt0.o
LOAD ./Core/Src/comm/pid_tuning.o
LOAD ./Core/Src/comm/telemetry.o
LOAD ./Core/Src/control/flight_control.o
LOAD ./Core/Src/control/pid.o
LOAD ./Core/Src/input/rc_input.o
LOAD ./Core/Src/main.o
LOAD ./Core/Src/main1.o
LOAD ./Core/Src/platform/delay.o
LOAD ./Core/Src/platform/dma.o
LOAD ./Core/Src/platform/gpio.o
LOAD ./Core/Src/platform/i2c.o
LOAD ./Core/Src/platform/spi.o
LOAD ./Core/Src/platform/stm32f4xx_hal_msp.o
LOAD ./Core/Src/platform/stm32f4xx_it.o
LOAD ./Core/Src/platform/syscalls.o
LOAD ./Core/Src/platform/sysmem.o
LOAD ./Core/Src/platform/system_stm32f4xx.o
LOAD ./Core/Src/platform/tim.o
LOAD ./Core/Src/platform/usart.o
LOAD ./Core/Src/sensor/complementary_filter.o
LOAD ./Core/Src/sensor/imu_config.o
LOAD ./Core/Src/sensor/mag_calibration.o
LOAD ./Core/Src/sensor/magnetometer_sensor.o
LOAD ./Core/Src/sensor/sensor_common.o
LOAD ./Core/Startup/startup_stm32f411ceux.o
LOAD ./Drivers/STM32F4xx_HAL_Driver/Src/stm32f4xx_hal.o
LOAD ./Drivers/STM32F4xx_HAL_Driver/Src/stm32f4xx_hal_cortex.o
LOAD ./Drivers/STM32F4xx_HAL_Driver/Src/stm32f4xx_hal_dma.o
LOAD ./Drivers/STM32F4xx_HAL_Driver/Src/stm32f4xx_hal_dma_ex.o
LOAD ./Drivers/STM32F4xx_HAL_Driver/Src/stm32f4xx_hal_exti.o
LOAD ./Drivers/STM32F4xx_HAL_Driver/Src/stm32f4xx_hal_flash.o
LOAD ./Drivers/STM32F4xx_HAL_Driver/Src/stm32f4xx_hal_flash_ex.o
LOAD ./Drivers/STM32F4xx_HAL_Driver/Src/stm32f4xx_hal_flash_ramfunc.o
LOAD ./Drivers/STM32F4xx_HAL_Driver/Src/stm32f4xx_hal_gpio.o
LOAD ./Drivers/STM32F4xx_HAL_Driver/Src/stm32f4xx_hal_i2c.o
LOAD ./Drivers/STM32F4xx_HAL_Driver/Src/stm32f4xx_hal_i2c_ex.o
LOAD ./Drivers/STM32F4xx_HAL_Driver/Src/stm32f4xx_hal_pwr.o
LOAD ./Drivers/STM32F4xx_HAL_Driver/Src/stm32f4xx_hal_pwr_ex.o
LOAD ./Drivers/STM32F4xx_HAL_Driver/Src/stm32f4xx_hal_rcc.o
LOAD ./Drivers/STM32F4xx_HAL_Driver/Src/stm32f4xx_hal_rcc_ex.o
LOAD ./Drivers/STM32F4xx_HAL_Driver/Src/stm32f4xx_hal_spi.o
LOAD ./Drivers/STM32F4xx_HAL_Driver/Src/stm32f4xx_hal_tim.o
LOAD ./Drivers/STM32F4xx_HAL_Driver/Src/stm32f4xx_hal_tim_ex.o
LOAD ./Drivers/STM32F4xx_HAL_Driver/Src/stm32f4xx_hal_uart.o
LOAD ../Middlewares/ST/ARM/DSP/Lib\libarm_cortexM4lf_math.a
START GROUP
LOAD C:/ST/STM32CubeIDE_2.1.0/STM32CubeIDE/plugins/com.st.stm32cube.ide.mcu.externaltools.gnu-tools-for-stm32.14.3.rel1.win32_1.0.100.202602081740/tools/bin/../lib/gcc/arm-none-eabi/14.3.1/../../../../arm-none-eabi/lib/thumb/v7e-m+fp/hard\libc_nano.a
LOAD C:/ST/STM32CubeIDE_2.1.0/STM32CubeIDE/plugins/com.st.stm32cube.ide.mcu.externaltools.gnu-tools-for-stm32.14.3.rel1.win32_1.0.100.202602081740/tools/bin/../lib/gcc/arm-none-eabi/14.3.1/../../../../arm-none-eabi/lib/thumb/v7e-m+fp/hard\libm.a
END GROUP
START GROUP
LOAD C:/ST/STM32CubeIDE_2.1.0/STM32CubeIDE/plugins/com.st.stm32cube.ide.mcu.externaltools.gnu-tools-for-stm32.14.3.rel1.win32_1.0.100.202602081740/tools/bin/../lib/gcc/arm-none-eabi/14.3.1/thumb/v7e-m+fp/hard\libgcc.a
LOAD C:/ST/STM32CubeIDE_2.1.0/STM32CubeIDE/plugins/com.st.stm32cube.ide.mcu.externaltools.gnu-tools-for-stm32.14.3.rel1.win32_1.0.100.202602081740/tools/bin/../lib/gcc/arm-none-eabi/14.3.1/../../../../arm-none-eabi/lib/thumb/v7e-m+fp/hard\libc_nano.a
END GROUP
START GROUP
LOAD C:/ST/STM32CubeIDE_2.1.0/STM32CubeIDE/plugins/com.st.stm32cube.ide.mcu.externaltools.gnu-tools-for-stm32.14.3.rel1.win32_1.0.100.202602081740/tools/bin/../lib/gcc/arm-none-eabi/14.3.1/thumb/v7e-m+fp/hard\libgcc.a
LOAD C:/ST/STM32CubeIDE_2.1.0/STM32CubeIDE/plugins/com.st.stm32cube.ide.mcu.externaltools.gnu-tools-for-stm32.14.3.rel1.win32_1.0.100.202602081740/tools/bin/../lib/gcc/arm-none-eabi/14.3.1/../../../../arm-none-eabi/lib/thumb/v7e-m+fp/hard\libc_nano.a
LOAD C:/ST/STM32CubeIDE_2.1.0/STM32CubeIDE/plugins/com.st.stm32cube.ide.mcu.externaltools.gnu-tools-for-stm32.14.3.rel1.win32_1.0.100.202602081740/tools/bin/../lib/gcc/arm-none-eabi/14.3.1/../../../../arm-none-eabi/lib/thumb/v7e-m+fp/hard\libnosys.a
END GROUP
START GROUP
LOAD C:/ST/STM32CubeIDE_2.1.0/STM32CubeIDE/plugins/com.st.stm32cube.ide.mcu.externaltools.gnu-tools-for-stm32.14.3.rel1.win32_1.0.100.202602081740/tools/bin/../lib/gcc/arm-none-eabi/14.3.1/thumb/v7e-m+fp/hard\libgcc.a
LOAD C:/ST/STM32CubeIDE_2.1.0/STM32CubeIDE/plugins/com.st.stm32cube.ide.mcu.externaltools.gnu-tools-for-stm32.14.3.rel1.win32_1.0.100.202602081740/tools/bin/../lib/gcc/arm-none-eabi/14.3.1/../../../../arm-none-eabi/lib/thumb/v7e-m+fp/hard\libc_nano.a
LOAD C:/ST/STM32CubeIDE_2.1.0/STM32CubeIDE/plugins/com.st.stm32cube.ide.mcu.externaltools.gnu-tools-for-stm32.14.3.rel1.win32_1.0.100.202602081740/tools/bin/../lib/gcc/arm-none-eabi/14.3.1/../../../../arm-none-eabi/lib/thumb/v7e-m+fp/hard\libnosys.a
END GROUP
LOAD C:/ST/STM32CubeIDE_2.1.0/STM32CubeIDE/plugins/com.st.stm32cube.ide.mcu.externaltools.gnu-tools-for-stm32.14.3.rel1.win32_1.0.100.202602081740/tools/bin/../lib/gcc/arm-none-eabi/14.3.1/thumb/v7e-m+fp/hard/crtend.o
LOAD C:/ST/STM32CubeIDE_2.1.0/STM32CubeIDE/plugins/com.st.stm32cube.ide.mcu.externaltools.gnu-tools-for-stm32.14.3.rel1.win32_1.0.100.202602081740/tools/bin/../lib/gcc/arm-none-eabi/14.3.1/thumb/v7e-m+fp/hard/crtn.o
                0x20020000                        _estack = (ORIGIN (RAM) + LENGTH (RAM))
                0x00000200                        _Min_Heap_Size = 0x200
                0x00000400                        _Min_Stack_Size = 0x400

.isr_vector     0x08000000      0x198
                0x08000000                        . = ALIGN (0x4)
 *(.isr_vector)
 .isr_vector    0x08000000      0x198 ./Core/Startup/startup_stm32f411ceux.o
                0x08000000                g_pfnVectors
                0x08000198                        . = ALIGN (0x4)

.text           0x08000198     0x9204
                0x08000198                        . = ALIGN (0x4)
 *(.text)
 .text          0x08000198       0x40 C:/ST/STM32CubeIDE_2.1.0/STM32CubeIDE/plugins/com.st.stm32cube.ide.mcu.externaltools.gnu-tools-for-stm32.14.3.rel1.win32_1.0.100.202602081740/tools/bin/../lib/gcc/arm-none-eabi/14.3.1/thumb/v7e-m+fp/hard/crtbegin.o
 .text          0x080001d8      0x378 C:/ST/STM32CubeIDE_2.1.0/STM32CubeIDE/plugins/com.st.stm32cube.ide.mcu.externaltools.gnu-tools-for-stm32.14.3.rel1.win32_1.0.100.202602081740/tools/bin/../lib/gcc/arm-none-eabi/14.3.1/thumb/v7e-m+fp/hard\libgcc.a(_arm_addsubdf3.o)
                0x080001d8                __aeabi_drsub
                0x080001e0                __aeabi_dsub
                0x080001e0                __subdf3
                0x080001e4                __aeabi_dadd
                0x080001e4                __adddf3
                0x0800045c                __floatunsidf
                0x0800045c                __aeabi_ui2d
                0x0800047c                __floatsidf
                0x0800047c                __aeabi_i2d
                0x080004a0                __aeabi_f2d
                0x080004a0                __extendsfdf2
                0x080004e4                __floatundidf
                0x080004e4                __aeabi_ul2d
                0x080004f4                __floatdidf
                0x080004f4                __aeabi_l2d
 .text          0x08000550      0x424 C:/ST/STM32CubeIDE_2.1.0/STM32CubeIDE/plugins/com.st.stm32cube.ide.mcu.externaltools.gnu-tools-for-stm32.14.3.rel1.win32_1.0.100.202602081740/tools/bin/../lib/gcc/arm-none-eabi/14.3.1/thumb/v7e-m+fp/hard\libgcc.a(_arm_muldivdf3.o)
                0x08000550                __aeabi_dmul
                0x08000550                __muldf3
                0x080007a4                __divdf3
                0x080007a4                __aeabi_ddiv
 .text          0x08000974      0x110 C:/ST/STM32CubeIDE_2.1.0/STM32CubeIDE/plugins/com.st.stm32cube.ide.mcu.externaltools.gnu-tools-for-stm32.14.3.rel1.win32_1.0.100.202602081740/tools/bin/../lib/gcc/arm-none-eabi/14.3.1/thumb/v7e-m+fp/hard\libgcc.a(_arm_cmpdf2.o)
                0x08000974                __gtdf2
                0x08000974                __gedf2
                0x0800097c                __ltdf2
                0x0800097c                __ledf2
                0x08000984                __nedf2
                0x08000984                __eqdf2
                0x08000984                __cmpdf2
                0x08000a00                __aeabi_cdrcmple
                0x08000a10                __aeabi_cdcmpeq
                0x08000a10                __aeabi_cdcmple
                0x08000a20                __aeabi_dcmpeq
                0x08000a34                __aeabi_dcmplt
                0x08000a48                __aeabi_dcmple
                0x08000a5c                __aeabi_dcmpge
                0x08000a70                __aeabi_dcmpgt
 .text          0x08000a84       0xa0 C:/ST/STM32CubeIDE_2.1.0/STM32CubeIDE/plugins/com.st.stm32cube.ide.mcu.externaltools.gnu-tools-for-stm32.14.3.rel1.win32_1.0.100.202602081740/tools/bin/../lib/gcc/arm-none-eabi/14.3.1/thumb/v7e-m+fp/hard\libgcc.a(_arm_truncdfsf2.o)
                0x08000a84                __truncdfsf2
                0x08000a84                __aeabi_d2f
 .text          0x08000b24       0x30 C:/ST/STM32CubeIDE_2.1.0/STM32CubeIDE/plugins/com.st.stm32cube.ide.mcu.externaltools.gnu-tools-for-stm32.14.3.rel1.win32_1.0.100.202602081740/tools/bin/../lib/gcc/arm-none-eabi/14.3.1/thumb/v7e-m+fp/hard\libgcc.a(_aeabi_uldivmod.o)
                0x08000b24                __aeabi_uldivmod
 .text          0x08000b54      0x2f8 C:/ST/STM32CubeIDE_2.1.0/STM32CubeIDE/plugins/com.st.stm32cube.ide.mcu.externaltools.gnu-tools-for-stm32.14.3.rel1.win32_1.0.100.202602081740/tools/bin/../lib/gcc/arm-none-eabi/14.3.1/thumb/v7e-m+fp/hard\libgcc.a(_udivmoddi4.o)
                0x08000b54                __udivmoddi4
 .text          0x08000e4c        0x4 C:/ST/STM32CubeIDE_2.1.0/STM32CubeIDE/plugins/com.st.stm32cube.ide.mcu.externaltools.gnu-tools-for-stm32.14.3.rel1.win32_1.0.100.202602081740/tools/bin/../lib/gcc/arm-none-eabi/14.3.1/thumb/v7e-m+fp/hard\libgcc.a(_dvmd_tls.o)
                0x08000e4c                __aeabi_idiv0
                0x08000e4c                __aeabi_ldiv0
 *(.text*)
 .text.UART1_StartRxToIdle_DMA
                0x08000e50       0x54 ./Core/Src/comm/pid_tuning.o
 .text.UART_ParseByte_ISR
                0x08000ea4       0x98 ./Core/Src/comm/pid_tuning.o
 .text.HAL_UARTEx_RxEventCallback
                0x08000f3c       0x4c ./Core/Src/comm/pid_tuning.o
                0x08000f3c                HAL_UARTEx_RxEventCallback
 .text.HAL_UART_ErrorCallback
                0x08000f88       0x40 ./Core/Src/comm/pid_tuning.o
                0x08000f88                HAL_UART_ErrorCallback
 .text.main     0x08000fc8       0x1a ./Core/Src/main.o
                0x08000fc8                main
 *fill*         0x08000fe2        0x2 
 .text.App_GetTestName
                0x08000fe4       0x5c ./Core/Src/main.o
 .text.App_InitCommon
                0x08001040       0x28 ./Core/Src/main.o
 .text.App_InitSelectedTest
                0x08001068       0xa4 ./Core/Src/main.o
 .text.App_RunSelectedTest
                0x0800110c        0xe ./Core/Src/main.o
 *fill*         0x0800111a        0x6 
 .text.App_RunImuTest
                0x08001120      0x1e0 ./Core/Src/main.o
 .text.App_SendLog
                0x08001300       0x12 ./Core/Src/main.o
 *fill*         0x08001312        0x2 
 .text.App_ToggleHeartbeat
                0x08001314       0x34 ./Core/Src/main.o
 .text.SystemClock_Config
                0x08001348       0xd0 ./Core/Src/main1.o
                0x08001348                SystemClock_Config
 .text.Error_Handler
                0x08001418        0xc ./Core/Src/main1.o
                0x08001418                Error_Handler
 .text.Delay_Init
                0x08001424       0x24 ./Core/Src/platform/delay.o
                0x08001424                Delay_Init
 .text.Delay_us
                0x08001448       0x30 ./Core/Src/platform/delay.o
                0x08001448                Delay_us
 .text.Delay_ms_blocking
                0x08001478       0x26 ./Core/Src/platform/delay.o
                0x08001478                Delay_ms_blocking
 *fill*         0x0800149e        0x2 
 .text.MX_DMA_Init
                0x080014a0       0x7c ./Core/Src/platform/dma.o
                0x080014a0                MX_DMA_Init
 .text.MX_GPIO_Init
                0x0800151c       0xec ./Core/Src/platform/gpio.o
                0x0800151c                MX_GPIO_Init
 .text.MX_I2C1_Init
                0x08001608       0x5c ./Core/Src/platform/i2c.o
                0x08001608                MX_I2C1_Init
 .text.HAL_I2C_MspInit
                0x08001664       0xf8 ./Core/Src/platform/i2c.o
                0x08001664                HAL_I2C_MspInit
 .text.MX_SPI1_Init
                0x0800175c       0x6c ./Core/Src/platform/spi.o
                0x0800175c                MX_SPI1_Init
 .text.HAL_SPI_MspInit
                0x080017c8       0x90 ./Core/Src/platform/spi.o
                0x080017c8                HAL_SPI_MspInit
 .text.HAL_MspInit
                0x08001858       0x50 ./Core/Src/platform/stm32f4xx_hal_msp.o
                0x08001858                HAL_MspInit
 .text.NMI_Handler
                0x080018a8        0x8 ./Core/Src/platform/stm32f4xx_it.o
                0x080018a8                NMI_Handler
 .text.HardFault_Handler
                0x080018b0        0x8 ./Core/Src/platform/stm32f4xx_it.o
                0x080018b0                HardFault_Handler
 .text.MemManage_Handler
                0x080018b8        0x8 ./Core/Src/platform/stm32f4xx_it.o
                0x080018b8                MemManage_Handler
 .text.BusFault_Handler
                0x080018c0        0x8 ./Core/Src/platform/stm32f4xx_it.o
                0x080018c0                BusFault_Handler
 .text.UsageFault_Handler
                0x080018c8        0x8 ./Core/Src/platform/stm32f4xx_it.o
                0x080018c8                UsageFault_Handler
 .text.SVC_Handler
                0x080018d0        0xe ./Core/Src/platform/stm32f4xx_it.o
                0x080018d0                SVC_Handler
 .text.DebugMon_Handler
                0x080018de        0xe ./Core/Src/platform/stm32f4xx_it.o
                0x080018de                DebugMon_Handler
 .text.PendSV_Handler
                0x080018ec        0xe ./Core/Src/platform/stm32f4xx_it.o
                0x080018ec                PendSV_Handler
 .text.SysTick_Handler
                0x080018fa        0xc ./Core/Src/platform/stm32f4xx_it.o
                0x080018fa                SysTick_Handler
 *fill*         0x08001906        0x2 
 .text.DMA1_Stream0_IRQHandler
                0x08001908       0x14 ./Core/Src/platform/stm32f4xx_it.o
                0x08001908                DMA1_Stream0_IRQHandler
 .text.DMA1_Stream5_IRQHandler
                0x0800191c       0x14 ./Core/Src/platform/stm32f4xx_it.o
                0x0800191c                DMA1_Stream5_IRQHandler
 .text.USART1_IRQHandler
                0x08001930       0x14 ./Core/Src/platform/stm32f4xx_it.o
                0x08001930                USART1_IRQHandler
 .text.USART2_IRQHandler
                0x08001944       0x14 ./Core/Src/platform/stm32f4xx_it.o
                0x08001944                USART2_IRQHandler
 .text.DMA2_Stream2_IRQHandler
                0x08001958       0x14 ./Core/Src/platform/stm32f4xx_it.o
                0x08001958                DMA2_Stream2_IRQHandler
 .text.SystemInit
                0x0800196c       0x24 ./Core/Src/platform/system_stm32f4xx.o
                0x0800196c                SystemInit
 .text.MX_TIM2_Init
                0x08001990       0x98 ./Core/Src/platform/tim.o
                0x08001990                MX_TIM2_Init
 .text.HAL_TIM_Base_MspInit
                0x08001a28       0x98 ./Core/Src/platform/tim.o
                0x08001a28                HAL_TIM_Base_MspInit
 .text.MX_USART1_UART_Init
                0x08001ac0       0x54 ./Core/Src/platform/usart.o
                0x08001ac0                MX_USART1_UART_Init
 .text.HAL_UART_MspInit
                0x08001b14      0x1e8 ./Core/Src/platform/usart.o
                0x08001b14                HAL_UART_MspInit
 .text.HAL_UART_MspDeInit
                0x08001cfc       0x80 ./Core/Src/platform/usart.o
                0x08001cfc                HAL_UART_MspDeInit
 *fill*         0x08001d7c        0x4 
 .text.Angle_Diff
                0x08001d80       0xb8 ./Core/Src/sensor/complementary_filter.o
 .text.Complimentary_Filter_Reset
                0x08001e38       0x84 ./Core/Src/sensor/complementary_filter.o
                0x08001e38                Complimentary_Filter_Reset
 *fill*         0x08001ebc        0x4 
 .text.Complimentary_Filter_Predict
                0x08001ec0      0x4e4 ./Core/Src/sensor/complementary_filter.o
                0x08001ec0                Complimentary_Filter_Predict
 *fill*         0x080023a4        0x4 
 .text.Complimentary_Filter_Update
                0x080023a8      0x27c ./Core/Src/sensor/complementary_filter.o
                0x080023a8                Complimentary_Filter_Update
 .text.ICM20602_Select
                0x08002624       0x18 ./Core/Src/sensor/imu_config.o
 .text.ICM20602_Deselect
                0x0800263c       0x18 ./Core/Src/sensor/imu_config.o
 .text.ICM20602_WriteRegister
                0x08002654       0x48 ./Core/Src/sensor/imu_config.o
 .text.ICM20602_ReadRegisters
                0x0800269c       0xb4 ./Core/Src/sensor/imu_config.o
 .text.ICM20602_ReadRegister
                0x08002750       0x22 ./Core/Src/sensor/imu_config.o
 *fill*         0x08002772        0x6 
 .text.ICM20602_ParseMotionFrame
                0x08002778      0x44c ./Core/Src/sensor/imu_config.o
 .text.ICM20602_Init
                0x08002bc4      0x110 ./Core/Src/sensor/imu_config.o
                0x08002bc4                ICM20602_Init
 .text.ICM20602_Calibrate
                0x08002cd4      0x130 ./Core/Src/sensor/imu_config.o
                0x08002cd4                ICM20602_Calibrate
 .text.ICM20602_IsReady
                0x08002e04       0x18 ./Core/Src/sensor/imu_config.o
                0x08002e04                ICM20602_IsReady
 .text.IMU_PROCESS
                0x08002e1c       0x38 ./Core/Src/sensor/imu_config.o
                0x08002e1c                IMU_PROCESS
 .text.MagCal_Update
                0x08002e54      0x284 ./Core/Src/sensor/mag_calibration.o
                0x08002e54                MagCal_Update
 .text.Mag_ApplyCalibration
                0x080030d8       0x8c ./Core/Src/sensor/mag_calibration.o
                0x080030d8                Mag_ApplyCalibration
 .text.HMC5883L_Init
                0x08003164       0x70 ./Core/Src/sensor/magnetometer_sensor.o
                0x08003164                HMC5883L_Init
 .text.COMPASS_PROCESS
                0x080031d4      0x1a0 ./Core/Src/sensor/magnetometer_sensor.o
                0x080031d4                COMPASS_PROCESS
 .text.Reset_Handler
                0x08003374       0x50 ./Core/Startup/startup_stm32f411ceux.o
                0x08003374                Reset_Handler
 .text.Default_Handler
                0x080033c4        0x2 ./Core/Startup/startup_stm32f411ceux.o
                0x080033c4                RTC_Alarm_IRQHandler
                0x080033c4                EXTI2_IRQHandler
                0x080033c4                SPI4_IRQHandler
                0x080033c4                TIM1_CC_IRQHandler
                0x080033c4                DMA2_Stream5_IRQHandler
                0x080033c4                PVD_IRQHandler
                0x080033c4                SDIO_IRQHandler
                0x080033c4                TAMP_STAMP_IRQHandler
                0x080033c4                EXTI3_IRQHandler
                0x080033c4                TIM1_UP_TIM10_IRQHandler
                0x080033c4                I2C3_ER_IRQHandler
                0x080033c4                EXTI0_IRQHandler
                0x080033c4                I2C2_EV_IRQHandler
                0x080033c4                DMA1_Stream2_IRQHandler
                0x080033c4                FPU_IRQHandler
                0x080033c4                SPI1_IRQHandler
                0x080033c4                TIM1_BRK_TIM9_IRQHandler
                0x080033c4                DMA2_Stream3_IRQHandler
                0x080033c4                USART6_IRQHandler
                0x080033c4                DMA2_Stream0_IRQHandler
                0x080033c4                TIM4_IRQHandler
                0x080033c4                I2C1_EV_IRQHandler
                0x080033c4                DMA1_Stream6_IRQHandler
                0x080033c4                DMA1_Stream1_IRQHandler
                0x080033c4                TIM3_IRQHandler
                0x080033c4                RCC_IRQHandler
                0x080033c4                Default_Handler
                0x080033c4                EXTI15_10_IRQHandler
                0x080033c4                ADC_IRQHandler
                0x080033c4                DMA1_Stream7_IRQHandler
                0x080033c4                SPI5_IRQHandler
                0x080033c4                TIM5_IRQHandler
                0x080033c4                DMA2_Stream7_IRQHandler
                0x080033c4                I2C3_EV_IRQHandler
                0x080033c4                EXTI9_5_IRQHandler
                0x080033c4                RTC_WKUP_IRQHandler
                0x080033c4                SPI2_IRQHandler
                0x080033c4                EXTI4_IRQHandler
                0x080033c4                WWDG_IRQHandler
                0x080033c4                TIM2_IRQHandler
                0x080033c4                OTG_FS_WKUP_IRQHandler
                0x080033c4                TIM1_TRG_COM_TIM11_IRQHandler
                0x080033c4                EXTI1_IRQHandler
                0x080033c4                I2C2_ER_IRQHandler
                0x080033c4                DMA2_Stream1_IRQHandler
                0x080033c4                FLASH_IRQHandler
                0x080033c4                DMA2_Stream4_IRQHandler
                0x080033c4                OTG_FS_IRQHandler
                0x080033c4                SPI3_IRQHandler
                0x080033c4                DMA1_Stream4_IRQHandler
                0x080033c4                I2C1_ER_IRQHandler
                0x080033c4                DMA2_Stream6_IRQHandler
                0x080033c4                DMA1_Stream3_IRQHandler
 *fill*         0x080033c6        0x2 
 .text.HAL_Init
                0x080033c8       0x44 ./Drivers/STM32F4xx_HAL_Driver/Src/stm32f4xx_hal.o
                0x080033c8                HAL_Init
 .text.HAL_InitTick
                0x0800340c       0x60 ./Drivers/STM32F4xx_HAL_Driver/Src/stm32f4xx_hal.o
                0x0800340c                HAL_InitTick
 .text.HAL_IncTick
                0x0800346c       0x28 ./Drivers/STM32F4xx_HAL_Driver/Src/stm32f4xx_hal.o
                0x0800346c                HAL_IncTick
 .text.HAL_GetTick
                0x08003494       0x18 ./Drivers/STM32F4xx_HAL_Driver/Src/stm32f4xx_hal.o
                0x08003494                HAL_GetTick
 .text.__NVIC_SetPriorityGrouping
                0x080034ac       0x48 ./Drivers/STM32F4xx_HAL_Driver/Src/stm32f4xx_hal_cortex.o
 .text.__NVIC_GetPriorityGrouping
                0x080034f4       0x1c ./Drivers/STM32F4xx_HAL_Driver/Src/stm32f4xx_hal_cortex.o
 .text.__NVIC_EnableIRQ
                0x08003510       0x3c ./Drivers/STM32F4xx_HAL_Driver/Src/stm32f4xx_hal_cortex.o
 .text.__NVIC_DisableIRQ
                0x0800354c       0x48 ./Drivers/STM32F4xx_HAL_Driver/Src/stm32f4xx_hal_cortex.o
 .text.__NVIC_SetPriority
                0x08003594       0x54 ./Drivers/STM32F4xx_HAL_Driver/Src/stm32f4xx_hal_cortex.o
 .text.NVIC_EncodePriority
                0x080035e8       0x66 ./Drivers/STM32F4xx_HAL_Driver/Src/stm32f4xx_hal_cortex.o
 *fill*         0x0800364e        0x2 
 .text.SysTick_Config
                0x08003650       0x44 ./Drivers/STM32F4xx_HAL_Driver/Src/stm32f4xx_hal_cortex.o
 .text.HAL_NVIC_SetPriorityGrouping
                0x08003694       0x16 ./Drivers/STM32F4xx_HAL_Driver/Src/stm32f4xx_hal_cortex.o
                0x08003694                HAL_NVIC_SetPriorityGrouping
 .text.HAL_NVIC_SetPriority
                0x080036aa       0x38 ./Drivers/STM32F4xx_HAL_Driver/Src/stm32f4xx_hal_cortex.o
                0x080036aa                HAL_NVIC_SetPriority
 .text.HAL_NVIC_EnableIRQ
                0x080036e2       0x1c ./Drivers/STM32F4xx_HAL_Driver/Src/stm32f4xx_hal_cortex.o
                0x080036e2                HAL_NVIC_EnableIRQ
 .text.HAL_NVIC_DisableIRQ
                0x080036fe       0x1c ./Drivers/STM32F4xx_HAL_Driver/Src/stm32f4xx_hal_cortex.o
                0x080036fe                HAL_NVIC_DisableIRQ
 .text.HAL_SYSTICK_Config
                0x0800371a       0x18 ./Drivers/STM32F4xx_HAL_Driver/Src/stm32f4xx_hal_cortex.o
                0x0800371a                HAL_SYSTICK_Config
 *fill*         0x08003732        0x2 
 .text.HAL_DMA_Init
                0x08003734      0x15c ./Drivers/STM32F4xx_HAL_Driver/Src/stm32f4xx_hal_dma.o
                0x08003734                HAL_DMA_Init
 .text.HAL_DMA_DeInit
                0x08003890       0xbc ./Drivers/STM32F4xx_HAL_Driver/Src/stm32f4xx_hal_dma.o
                0x08003890                HAL_DMA_DeInit
 .text.HAL_DMA_Start_IT
                0x0800394c       0xb0 ./Drivers/STM32F4xx_HAL_Driver/Src/stm32f4xx_hal_dma.o
                0x0800394c                HAL_DMA_Start_IT
 .text.HAL_DMA_Abort
                0x080039fc       0xe0 ./Drivers/STM32F4xx_HAL_Driver/Src/stm32f4xx_hal_dma.o
                0x080039fc                HAL_DMA_Abort
 .text.HAL_DMA_Abort_IT
                0x08003adc       0x44 ./Drivers/STM32F4xx_HAL_Driver/Src/stm32f4xx_hal_dma.o
                0x08003adc                HAL_DMA_Abort_IT
 .text.HAL_DMA_IRQHandler
                0x08003b20      0x314 ./Drivers/STM32F4xx_HAL_Driver/Src/stm32f4xx_hal_dma.o
                0x08003b20                HAL_DMA_IRQHandler
 .text.DMA_SetConfig
                0x08003e34       0x5c ./Drivers/STM32F4xx_HAL_Driver/Src/stm32f4xx_hal_dma.o
 .text.DMA_CalcBaseAndBitshift
                0x08003e90       0x6c ./Drivers/STM32F4xx_HAL_Driver/Src/stm32f4xx_hal_dma.o
 .text.DMA_CheckFifoParam
                0x08003efc       0xf8 ./Drivers/STM32F4xx_HAL_Driver/Src/stm32f4xx_hal_dma.o
 .text.HAL_GPIO_Init
                0x08003ff4      0x308 ./Drivers/STM32F4xx_HAL_Driver/Src/stm32f4xx_hal_gpio.o
                0x08003ff4                HAL_GPIO_Init
 .text.HAL_GPIO_DeInit
                0x080042fc      0x1c8 ./Drivers/STM32F4xx_HAL_Driver/Src/stm32f4xx_hal_gpio.o
                0x080042fc                HAL_GPIO_DeInit
 .text.HAL_GPIO_WritePin
                0x080044c4       0x32 ./Drivers/STM32F4xx_HAL_Driver/Src/stm32f4xx_hal_gpio.o
                0x080044c4                HAL_GPIO_WritePin
 .text.HAL_GPIO_TogglePin
                0x080044f6       0x34 ./Drivers/STM32F4xx_HAL_Driver/Src/stm32f4xx_hal_gpio.o
                0x080044f6                HAL_GPIO_TogglePin
 *fill*         0x0800452a        0x2 
 .text.HAL_I2C_Init
                0x0800452c      0x288 ./Drivers/STM32F4xx_HAL_Driver/Src/stm32f4xx_hal_i2c.o
                0x0800452c                HAL_I2C_Init
 .text.HAL_I2C_Mem_Write
                0x080047b4      0x1f4 ./Drivers/STM32F4xx_HAL_Driver/Src/stm32f4xx_hal_i2c.o
                0x080047b4                HAL_I2C_Mem_Write
 .text.HAL_I2C_Mem_Read
                0x080049a8      0x464 ./Drivers/STM32F4xx_HAL_Driver/Src/stm32f4xx_hal_i2c.o
                0x080049a8                HAL_I2C_Mem_Read
 .text.I2C_RequestMemoryWrite
                0x08004e0c      0x12c ./Drivers/STM32F4xx_HAL_Driver/Src/stm32f4xx_hal_i2c.o
 .text.I2C_RequestMemoryRead
                0x08004f38      0x1d0 ./Drivers/STM32F4xx_HAL_Driver/Src/stm32f4xx_hal_i2c.o
 .text.I2C_WaitOnFlagUntilTimeout
                0x08005108       0xf4 ./Drivers/STM32F4xx_HAL_Driver/Src/stm32f4xx_hal_i2c.o
 .text.I2C_WaitOnMasterAddressFlagUntilTimeout
                0x080051fc      0x140 ./Drivers/STM32F4xx_HAL_Driver/Src/stm32f4xx_hal_i2c.o
 .text.I2C_WaitOnTXEFlagUntilTimeout
                0x0800533c       0x90 ./Drivers/STM32F4xx_HAL_Driver/Src/stm32f4xx_hal_i2c.o
 .text.I2C_WaitOnBTFFlagUntilTimeout
                0x080053cc       0x90 ./Drivers/STM32F4xx_HAL_Driver/Src/stm32f4xx_hal_i2c.o
 .text.I2C_WaitOnRXNEFlagUntilTimeout
                0x0800545c       0xba ./Drivers/STM32F4xx_HAL_Driver/Src/stm32f4xx_hal_i2c.o
 .text.I2C_IsAcknowledgeFailed
                0x08005516       0x5e ./Drivers/STM32F4xx_HAL_Driver/Src/stm32f4xx_hal_i2c.o
 .text.HAL_RCC_OscConfig
                0x08005574      0x4f0 ./Drivers/STM32F4xx_HAL_Driver/Src/stm32f4xx_hal_rcc.o
                0x08005574                HAL_RCC_OscConfig
 .text.HAL_RCC_ClockConfig
                0x08005a64      0x1cc ./Drivers/STM32F4xx_HAL_Driver/Src/stm32f4xx_hal_rcc.o
                0x08005a64                HAL_RCC_ClockConfig
 .text.HAL_RCC_GetSysClockFreq
                0x08005c30      0x188 ./Drivers/STM32F4xx_HAL_Driver/Src/stm32f4xx_hal_rcc.o
                0x08005c30                HAL_RCC_GetSysClockFreq
 .text.HAL_RCC_GetHCLKFreq
                0x08005db8       0x18 ./Drivers/STM32F4xx_HAL_Driver/Src/stm32f4xx_hal_rcc.o
                0x08005db8                HAL_RCC_GetHCLKFreq
 .text.HAL_RCC_GetPCLK1Freq
                0x08005dd0       0x28 ./Drivers/STM32F4xx_HAL_Driver/Src/stm32f4xx_hal_rcc.o
                0x08005dd0                HAL_RCC_GetPCLK1Freq
 .text.HAL_RCC_GetPCLK2Freq
                0x08005df8       0x28 ./Drivers/STM32F4xx_HAL_Driver/Src/stm32f4xx_hal_rcc.o
                0x08005df8                HAL_RCC_GetPCLK2Freq
 .text.HAL_SPI_Init
                0x08005e20      0x112 ./Drivers/STM32F4xx_HAL_Driver/Src/stm32f4xx_hal_spi.o
                0x08005e20                HAL_SPI_Init
 .text.HAL_SPI_Transmit
                0x08005f32      0x288 ./Drivers/STM32F4xx_HAL_Driver/Src/stm32f4xx_hal_spi.o
                0x08005f32                HAL_SPI_Transmit
 .text.HAL_SPI_TransmitReceive
                0x080061ba      0x352 ./Drivers/STM32F4xx_HAL_Driver/Src/stm32f4xx_hal_spi.o
                0x080061ba                HAL_SPI_TransmitReceive
 .text.SPI_WaitFlagStateUntilTimeout
                0x0800650c      0x110 ./Drivers/STM32F4xx_HAL_Driver/Src/stm32f4xx_hal_spi.o
 .text.SPI_EndRxTxTransaction
                0x0800661c       0xa8 ./Drivers/STM32F4xx_HAL_Driver/Src/stm32f4xx_hal_spi.o
 .text.HAL_TIM_Base_Init
                0x080066c4       0x9e ./Drivers/STM32F4xx_HAL_Driver/Src/stm32f4xx_hal_tim.o
                0x080066c4                HAL_TIM_Base_Init
 *fill*         0x08006762        0x2 
 .text.HAL_TIM_Base_Start
                0x08006764       0xb4 ./Drivers/STM32F4xx_HAL_Driver/Src/stm32f4xx_hal_tim.o
                0x08006764                HAL_TIM_Base_Start
 .text.HAL_TIM_ConfigClockSource
                0x08006818      0x18e ./Drivers/STM32F4xx_HAL_Driver/Src/stm32f4xx_hal_tim.o
                0x08006818                HAL_TIM_ConfigClockSource
 *fill*         0x080069a6        0x2 
 .text.TIM_Base_SetConfig
                0x080069a8      0x10c ./Drivers/STM32F4xx_HAL_Driver/Src/stm32f4xx_hal_tim.o
                0x080069a8                TIM_Base_SetConfig
 .text.TIM_TI1_ConfigInputStage
                0x08006ab4       0x5e ./Drivers/STM32F4xx_HAL_Driver/Src/stm32f4xx_hal_tim.o
 .text.TIM_TI2_ConfigInputStage
                0x08006b12       0x60 ./Drivers/STM32F4xx_HAL_Driver/Src/stm32f4xx_hal_tim.o
 .text.TIM_ITRx_SetConfig
                0x08006b72       0x36 ./Drivers/STM32F4xx_HAL_Driver/Src/stm32f4xx_hal_tim.o
 .text.TIM_ETR_SetConfig
                0x08006ba8       0x40 ./Drivers/STM32F4xx_HAL_Driver/Src/stm32f4xx_hal_tim.o
                0x08006ba8                TIM_ETR_SetConfig
 .text.HAL_TIMEx_MasterConfigSynchronization
                0x08006be8       0xdc ./Drivers/STM32F4xx_HAL_Driver/Src/stm32f4xx_hal_tim_ex.o
                0x08006be8                HAL_TIMEx_MasterConfigSynchronization
 .text.HAL_UART_Init
                0x08006cc4       0xa0 ./Drivers/STM32F4xx_HAL_Driver/Src/stm32f4xx_hal_uart.o
                0x08006cc4                HAL_UART_Init
 .text.HAL_UART_DeInit
                0x08006d64       0x64 ./Drivers/STM32F4xx_HAL_Driver/Src/stm32f4xx_hal_uart.o
                0x08006d64                HAL_UART_DeInit
 .text.HAL_UART_DMAStop
                0x08006dc8       0xfe ./Drivers/STM32F4xx_HAL_Driver/Src/stm32f4xx_hal_uart.o
                0x08006dc8                HAL_UART_DMAStop
 .text.HAL_UARTEx_ReceiveToIdle_DMA
                0x08006ec6       0xb2 ./Drivers/STM32F4xx_HAL_Driver/Src/stm32f4xx_hal_uart.o
                0x08006ec6                HAL_UARTEx_ReceiveToIdle_DMA
 .text.HAL_UART_IRQHandler
                0x08006f78      0x554 ./Drivers/STM32F4xx_HAL_Driver/Src/stm32f4xx_hal_uart.o
                0x08006f78                HAL_UART_IRQHandler
 .text.HAL_UART_TxCpltCallback
                0x080074cc       0x14 ./Drivers/STM32F4xx_HAL_Driver/Src/stm32f4xx_hal_uart.o
                0x080074cc                HAL_UART_TxCpltCallback
 .text.HAL_UART_RxCpltCallback
                0x080074e0       0x14 ./Drivers/STM32F4xx_HAL_Driver/Src/stm32f4xx_hal_uart.o
                0x080074e0                HAL_UART_RxCpltCallback
 .text.HAL_UART_RxHalfCpltCallback
                0x080074f4       0x14 ./Drivers/STM32F4xx_HAL_Driver/Src/stm32f4xx_hal_uart.o
                0x080074f4                HAL_UART_RxHalfCpltCallback
 .text.UART_DMAReceiveCplt
                0x08007508      0x12c ./Drivers/STM32F4xx_HAL_Driver/Src/stm32f4xx_hal_uart.o
 .text.UART_DMARxHalfCplt
                0x08007634       0x3c ./Drivers/STM32F4xx_HAL_Driver/Src/stm32f4xx_hal_uart.o
 .text.UART_DMAError
                0x08007670       0x94 ./Drivers/STM32F4xx_HAL_Driver/Src/stm32f4xx_hal_uart.o
 .text.UART_Start_Receive_DMA
                0x08007704      0x14c ./Drivers/STM32F4xx_HAL_Driver/Src/stm32f4xx_hal_uart.o
                0x08007704                UART_Start_Receive_DMA
 .text.UART_EndTxTransfer
                0x08007850       0x50 ./Drivers/STM32F4xx_HAL_Driver/Src/stm32f4xx_hal_uart.o
 .text.UART_EndRxTransfer
                0x080078a0       0xc6 ./Drivers/STM32F4xx_HAL_Driver/Src/stm32f4xx_hal_uart.o
 .text.UART_DMAAbortOnError
                0x08007966       0x22 ./Drivers/STM32F4xx_HAL_Driver/Src/stm32f4xx_hal_uart.o
 .text.UART_Transmit_IT
                0x08007988       0xa0 ./Drivers/STM32F4xx_HAL_Driver/Src/stm32f4xx_hal_uart.o
 .text.UART_EndTransmit_IT
                0x08007a28       0x30 ./Drivers/STM32F4xx_HAL_Driver/Src/stm32f4xx_hal_uart.o
 .text.UART_Receive_IT
                0x08007a58      0x17c ./Drivers/STM32F4xx_HAL_Driver/Src/stm32f4xx_hal_uart.o
 .text.UART_SetConfig
                0x08007bd4      0x4e8 ./Drivers/STM32F4xx_HAL_Driver/Src/stm32f4xx_hal_uart.o
 .text.memset   0x080080bc       0x10 C:/ST/STM32CubeIDE_2.1.0/STM32CubeIDE/plugins/com.st.stm32cube.ide.mcu.externaltools.gnu-tools-for-stm32.14.3.rel1.win32_1.0.100.202602081740/tools/bin/../lib/gcc/arm-none-eabi/14.3.1/../../../../arm-none-eabi/lib/thumb/v7e-m+fp/hard\libc_nano.a(libc_a-memset.o)
                0x080080bc                memset
 .text.strncpy  0x080080cc       0x26 C:/ST/STM32CubeIDE_2.1.0/STM32CubeIDE/plugins/com.st.stm32cube.ide.mcu.externaltools.gnu-tools-for-stm32.14.3.rel1.win32_1.0.100.202602081740/tools/bin/../lib/gcc/arm-none-eabi/14.3.1/../../../../arm-none-eabi/lib/thumb/v7e-m+fp/hard\libc_nano.a(libc_a-strncpy.o)
                0x080080cc                strncpy
 *fill*         0x080080f2        0x2 
 .text.__errno  0x080080f4        0xc C:/ST/STM32CubeIDE_2.1.0/STM32CubeIDE/plugins/com.st.stm32cube.ide.mcu.externaltools.gnu-tools-for-stm32.14.3.rel1.win32_1.0.100.202602081740/tools/bin/../lib/gcc/arm-none-eabi/14.3.1/../../../../arm-none-eabi/lib/thumb/v7e-m+fp/hard\libc_nano.a(libc_a-errno.o)
                0x080080f4                __errno
 .text.__libc_init_array
                0x08008100       0x48 C:/ST/STM32CubeIDE_2.1.0/STM32CubeIDE/plugins/com.st.stm32cube.ide.mcu.externaltools.gnu-tools-for-stm32.14.3.rel1.win32_1.0.100.202602081740/tools/bin/../lib/gcc/arm-none-eabi/14.3.1/../../../../arm-none-eabi/lib/thumb/v7e-m+fp/hard\libc_nano.a(libc_a-init.o)
                0x08008100                __libc_init_array
 .text.atan2f   0x08008148        0x4 C:/ST/STM32CubeIDE_2.1.0/STM32CubeIDE/plugins/com.st.stm32cube.ide.mcu.externaltools.gnu-tools-for-stm32.14.3.rel1.win32_1.0.100.202602081740/tools/bin/../lib/gcc/arm-none-eabi/14.3.1/../../../../arm-none-eabi/lib/thumb/v7e-m+fp/hard\libm.a(libm_a-wf_atan2.o)
                0x08008148                atan2f
 .text.sqrtf    0x0800814c       0x44 C:/ST/STM32CubeIDE_2.1.0/STM32CubeIDE/plugins/com.st.stm32cube.ide.mcu.externaltools.gnu-tools-for-stm32.14.3.rel1.win32_1.0.100.202602081740/tools/bin/../lib/gcc/arm-none-eabi/14.3.1/../../../../arm-none-eabi/lib/thumb/v7e-m+fp/hard\libm.a(libm_a-wf_sqrt.o)
                0x0800814c                sqrtf
 .text.cosf     0x08008190       0x70 C:/ST/STM32CubeIDE_2.1.0/STM32CubeIDE/plugins/com.st.stm32cube.ide.mcu.externaltools.gnu-tools-for-stm32.14.3.rel1.win32_1.0.100.202602081740/tools/bin/../lib/gcc/arm-none-eabi/14.3.1/../../../../arm-none-eabi/lib/thumb/v7e-m+fp/hard\libm.a(libm_a-sf_cos.o)
                0x08008190                cosf
 .text.sinf     0x08008200       0x74 C:/ST/STM32CubeIDE_2.1.0/STM32CubeIDE/plugins/com.st.stm32cube.ide.mcu.externaltools.gnu-tools-for-stm32.14.3.rel1.win32_1.0.100.202602081740/tools/bin/../lib/gcc/arm-none-eabi/14.3.1/../../../../arm-none-eabi/lib/thumb/v7e-m+fp/hard\libm.a(libm_a-sf_sin.o)
                0x08008200                sinf
 .text.tanf     0x08008274       0x50 C:/ST/STM32CubeIDE_2.1.0/STM32CubeIDE/plugins/com.st.stm32cube.ide.mcu.externaltools.gnu-tools-for-stm32.14.3.rel1.win32_1.0.100.202602081740/tools/bin/../lib/gcc/arm-none-eabi/14.3.1/../../../../arm-none-eabi/lib/thumb/v7e-m+fp/hard\libm.a(libm_a-sf_tan.o)
                0x08008274                tanf
 .text.__ieee754_sqrtf
                0x080082c4        0x8 C:/ST/STM32CubeIDE_2.1.0/STM32CubeIDE/plugins/com.st.stm32cube.ide.mcu.externaltools.gnu-tools-for-stm32.14.3.rel1.win32_1.0.100.202602081740/tools/bin/../lib/gcc/arm-none-eabi/14.3.1/../../../../arm-none-eabi/lib/thumb/v7e-m+fp/hard\libm.a(libm_a-ef_sqrt.o)
                0x080082c4                __ieee754_sqrtf
 .text.__kernel_cosf
                0x080082cc      0x104 C:/ST/STM32CubeIDE_2.1.0/STM32CubeIDE/plugins/com.st.stm32cube.ide.mcu.externaltools.gnu-tools-for-stm32.14.3.rel1.win32_1.0.100.202602081740/tools/bin/../lib/gcc/arm-none-eabi/14.3.1/../../../../arm-none-eabi/lib/thumb/v7e-m+fp/hard\libm.a(libm_a-kf_cos.o)
                0x080082cc                __kernel_cosf
 .text.__kernel_sinf
                0x080083d0       0x90 C:/ST/STM32CubeIDE_2.1.0/STM32CubeIDE/plugins/com.st.stm32cube.ide.mcu.externaltools.gnu-tools-for-stm32.14.3.rel1.win32_1.0.100.202602081740/tools/bin/../lib/gcc/arm-none-eabi/14.3.1/../../../../arm-none-eabi/lib/thumb/v7e-m+fp/hard\libm.a(libm_a-kf_sin.o)
                0x080083d0                __kernel_sinf
 .text.__kernel_tanf
                0x08008460      0x1bc C:/ST/STM32CubeIDE_2.1.0/STM32CubeIDE/plugins/com.st.stm32cube.ide.mcu.externaltools.gnu-tools-for-stm32.14.3.rel1.win32_1.0.100.202602081740/tools/bin/../lib/gcc/arm-none-eabi/14.3.1/../../../../arm-none-eabi/lib/thumb/v7e-m+fp/hard\libm.a(libm_a-kf_tan.o)
                0x08008460                __kernel_tanf
 .text.__ieee754_atan2f
                0x0800861c      0x14c C:/ST/STM32CubeIDE_2.1.0/STM32CubeIDE/plugins/com.st.stm32cube.ide.mcu.externaltools.gnu-tools-for-stm32.14.3.rel1.win32_1.0.100.202602081740/tools/bin/../lib/gcc/arm-none-eabi/14.3.1/../../../../arm-none-eabi/lib/thumb/v7e-m+fp/hard\libm.a(libm_a-ef_atan2.o)
                0x0800861c                __ieee754_atan2f
 .text.__ieee754_rem_pio2f
                0x08008768      0x26c C:/ST/STM32CubeIDE_2.1.0/STM32CubeIDE/plugins/com.st.stm32cube.ide.mcu.externaltools.gnu-tools-for-stm32.14.3.rel1.win32_1.0.100.202602081740/tools/bin/../lib/gcc/arm-none-eabi/14.3.1/../../../../arm-none-eabi/lib/thumb/v7e-m+fp/hard\libm.a(libm_a-ef_rem_pio2.o)
                0x08008768                __ieee754_rem_pio2f
 .text.atanf    0x080089d4      0x1a4 C:/ST/STM32CubeIDE_2.1.0/STM32CubeIDE/plugins/com.st.stm32cube.ide.mcu.externaltools.gnu-tools-for-stm32.14.3.rel1.win32_1.0.100.202602081740/tools/bin/../lib/gcc/arm-none-eabi/14.3.1/../../../../arm-none-eabi/lib/thumb/v7e-m+fp/hard\libm.a(libm_a-sf_atan.o)
                0x080089d4                atanf
 .text.fabsf    0x08008b78       0x10 C:/ST/STM32CubeIDE_2.1.0/STM32CubeIDE/plugins/com.st.stm32cube.ide.mcu.externaltools.gnu-tools-for-stm32.14.3.rel1.win32_1.0.100.202602081740/tools/bin/../lib/gcc/arm-none-eabi/14.3.1/../../../../arm-none-eabi/lib/thumb/v7e-m+fp/hard\libm.a(libm_a-sf_fabs.o)
                0x08008b78                fabsf
 .text.__kernel_rem_pio2f
                0x08008b88      0x68c C:/ST/STM32CubeIDE_2.1.0/STM32CubeIDE/plugins/com.st.stm32cube.ide.mcu.externaltools.gnu-tools-for-stm32.14.3.rel1.win32_1.0.100.202602081740/tools/bin/../lib/gcc/arm-none-eabi/14.3.1/../../../../arm-none-eabi/lib/thumb/v7e-m+fp/hard\libm.a(libm_a-kf_rem_pio2.o)
                0x08008b88                __kernel_rem_pio2f
 .text.scalbnf  0x08009214       0xdc C:/ST/STM32CubeIDE_2.1.0/STM32CubeIDE/plugins/com.st.stm32cube.ide.mcu.externaltools.gnu-tools-for-stm32.14.3.rel1.win32_1.0.100.202602081740/tools/bin/../lib/gcc/arm-none-eabi/14.3.1/../../../../arm-none-eabi/lib/thumb/v7e-m+fp/hard\libm.a(libm_a-sf_scalbn.o)
                0x08009214                scalbnf
 .text.floorf   0x080092f0       0x94 C:/ST/STM32CubeIDE_2.1.0/STM32CubeIDE/plugins/com.st.stm32cube.ide.mcu.externaltools.gnu-tools-for-stm32.14.3.rel1.win32_1.0.100.202602081740/tools/bin/../lib/gcc/arm-none-eabi/14.3.1/../../../../arm-none-eabi/lib/thumb/v7e-m+fp/hard\libm.a(libm_a-sf_floor.o)
                0x080092f0                floorf
 *(.glue_7)
 .glue_7        0x08009384        0x0 linker stubs
 *(.glue_7t)
 .glue_7t       0x08009384        0x0 linker stubs
 *(.eh_frame)
 .eh_frame      0x08009384        0x0 C:/ST/STM32CubeIDE_2.1.0/STM32CubeIDE/plugins/com.st.stm32cube.ide.mcu.externaltools.gnu-tools-for-stm32.14.3.rel1.win32_1.0.100.202602081740/tools/bin/../lib/gcc/arm-none-eabi/14.3.1/thumb/v7e-m+fp/hard/crtbegin.o
 *(.init)
 .init          0x08009384        0x4 C:/ST/STM32CubeIDE_2.1.0/STM32CubeIDE/plugins/com.st.stm32cube.ide.mcu.externaltools.gnu-tools-for-stm32.14.3.rel1.win32_1.0.100.202602081740/tools/bin/../lib/gcc/arm-none-eabi/14.3.1/thumb/v7e-m+fp/hard/crti.o
                0x08009384                _init
 .init          0x08009388        0x8 C:/ST/STM32CubeIDE_2.1.0/STM32CubeIDE/plugins/com.st.stm32cube.ide.mcu.externaltools.gnu-tools-for-stm32.14.3.rel1.win32_1.0.100.202602081740/tools/bin/../lib/gcc/arm-none-eabi/14.3.1/thumb/v7e-m+fp/hard/crtn.o
 *(.fini)
 .fini          0x08009390        0x4 C:/ST/STM32CubeIDE_2.1.0/STM32CubeIDE/plugins/com.st.stm32cube.ide.mcu.externaltools.gnu-tools-for-stm32.14.3.rel1.win32_1.0.100.202602081740/tools/bin/../lib/gcc/arm-none-eabi/14.3.1/thumb/v7e-m+fp/hard/crti.o
                0x08009390                _fini
 .fini          0x08009394        0x8 C:/ST/STM32CubeIDE_2.1.0/STM32CubeIDE/plugins/com.st.stm32cube.ide.mcu.externaltools.gnu-tools-for-stm32.14.3.rel1.win32_1.0.100.202602081740/tools/bin/../lib/gcc/arm-none-eabi/14.3.1/thumb/v7e-m+fp/hard/crtn.o
                0x0800939c                        . = ALIGN (0x4)
                0x0800939c                        _etext = .

.vfp11_veneer   0x0800939c        0x0
 .vfp11_veneer  0x0800939c        0x0 linker stubs

.v4_bx          0x0800939c        0x0
 .v4_bx         0x0800939c        0x0 linker stubs

.iplt           0x0800939c        0x0
 .iplt          0x0800939c        0x0 C:/ST/STM32CubeIDE_2.1.0/STM32CubeIDE/plugins/com.st.stm32cube.ide.mcu.externaltools.gnu-tools-for-stm32.14.3.rel1.win32_1.0.100.202602081740/tools/bin/../lib/gcc/arm-none-eabi/14.3.1/thumb/v7e-m+fp/hard/crtbegin.o

.rodata         0x0800939c      0x4d8
                0x0800939c                        . = ALIGN (0x4)
 *(.rodata)
 .rodata        0x0800939c       0xa8 ./Core/Src/main.o
 *(.rodata*)
 .rodata.AHBPrescTable
                0x08009444       0x10 ./Core/Src/platform/system_stm32f4xx.o
                0x08009444                AHBPrescTable
 .rodata.APBPrescTable
                0x08009454        0x8 ./Core/Src/platform/system_stm32f4xx.o
                0x08009454                APBPrescTable
 .rodata.alpha_acc_soft
                0x0800945c        0x4 ./Core/Src/sensor/sensor_common.o
                0x0800945c                alpha_acc_soft
 .rodata.alpha_gyro
                0x08009460        0x4 ./Core/Src/sensor/sensor_common.o
                0x08009460                alpha_gyro
 .rodata.flagBitshiftOffset.0
                0x08009464        0x8 ./Drivers/STM32F4xx_HAL_Driver/Src/stm32f4xx_hal_dma.o
 .rodata.CSWTCH.9
                0x0800946c        0xc C:/ST/STM32CubeIDE_2.1.0/STM32CubeIDE/plugins/com.st.stm32cube.ide.mcu.externaltools.gnu-tools-for-stm32.14.3.rel1.win32_1.0.100.202602081740/tools/bin/../lib/gcc/arm-none-eabi/14.3.1/../../../../arm-none-eabi/lib/thumb/v7e-m+fp/hard\libm.a(libm_a-ef_atan2.o)
 .rodata.CSWTCH.8
                0x08009478        0xc C:/ST/STM32CubeIDE_2.1.0/STM32CubeIDE/plugins/com.st.stm32cube.ide.mcu.externaltools.gnu-tools-for-stm32.14.3.rel1.win32_1.0.100.202602081740/tools/bin/../lib/gcc/arm-none-eabi/14.3.1/../../../../arm-none-eabi/lib/thumb/v7e-m+fp/hard\libm.a(libm_a-ef_atan2.o)
 .rodata.npio2_hw
                0x08009484       0x80 C:/ST/STM32CubeIDE_2.1.0/STM32CubeIDE/plugins/com.st.stm32cube.ide.mcu.externaltools.gnu-tools-for-stm32.14.3.rel1.win32_1.0.100.202602081740/tools/bin/../lib/gcc/arm-none-eabi/14.3.1/../../../../arm-none-eabi/lib/thumb/v7e-m+fp/hard\libm.a(libm_a-ef_rem_pio2.o)
 .rodata.two_over_pi
                0x08009504      0x318 C:/ST/STM32CubeIDE_2.1.0/STM32CubeIDE/plugins/com.st.stm32cube.ide.mcu.externaltools.gnu-tools-for-stm32.14.3.rel1.win32_1.0.100.202602081740/tools/bin/../lib/gcc/arm-none-eabi/14.3.1/../../../../arm-none-eabi/lib/thumb/v7e-m+fp/hard\libm.a(libm_a-ef_rem_pio2.o)
 .rodata.atanlo
                0x0800981c       0x10 C:/ST/STM32CubeIDE_2.1.0/STM32CubeIDE/plugins/com.st.stm32cube.ide.mcu.externaltools.gnu-tools-for-stm32.14.3.rel1.win32_1.0.100.202602081740/tools/bin/../lib/gcc/arm-none-eabi/14.3.1/../../../../arm-none-eabi/lib/thumb/v7e-m+fp/hard\libm.a(libm_a-sf_atan.o)
 .rodata.atanhi
                0x0800982c       0x10 C:/ST/STM32CubeIDE_2.1.0/STM32CubeIDE/plugins/com.st.stm32cube.ide.mcu.externaltools.gnu-tools-for-stm32.14.3.rel1.win32_1.0.100.202602081740/tools/bin/../lib/gcc/arm-none-eabi/14.3.1/../../../../arm-none-eabi/lib/thumb/v7e-m+fp/hard\libm.a(libm_a-sf_atan.o)
 .rodata.PIo2   0x0800983c       0x2c C:/ST/STM32CubeIDE_2.1.0/STM32CubeIDE/plugins/com.st.stm32cube.ide.mcu.externaltools.gnu-tools-for-stm32.14.3.rel1.win32_1.0.100.202602081740/tools/bin/../lib/gcc/arm-none-eabi/14.3.1/../../../../arm-none-eabi/lib/thumb/v7e-m+fp/hard\libm.a(libm_a-kf_rem_pio2.o)
 .rodata.init_jk
                0x08009868        0xc C:/ST/STM32CubeIDE_2.1.0/STM32CubeIDE/plugins/com.st.stm32cube.ide.mcu.externaltools.gnu-tools-for-stm32.14.3.rel1.win32_1.0.100.202602081740/tools/bin/../lib/gcc/arm-none-eabi/14.3.1/../../../../arm-none-eabi/lib/thumb/v7e-m+fp/hard\libm.a(libm_a-kf_rem_pio2.o)
                0x08009874                        . = ALIGN (0x4)

.ARM.extab      0x08009874        0x0
                0x08009874                        . = ALIGN (0x4)
 *(.ARM.extab* .gnu.linkonce.armextab.*)
                0x08009874                        . = ALIGN (0x4)

.ARM            0x08009874        0x8
                0x08009874                        . = ALIGN (0x4)
                0x08009874                        __exidx_start = .
 *(.ARM.exidx*)
 .ARM.exidx     0x08009874        0x8 C:/ST/STM32CubeIDE_2.1.0/STM32CubeIDE/plugins/com.st.stm32cube.ide.mcu.externaltools.gnu-tools-for-stm32.14.3.rel1.win32_1.0.100.202602081740/tools/bin/../lib/gcc/arm-none-eabi/14.3.1/thumb/v7e-m+fp/hard\libgcc.a(_udivmoddi4.o)
                0x0800987c                        __exidx_end = .
                0x0800987c                        . = ALIGN (0x4)

.preinit_array  0x0800987c        0x0
                0x0800987c                        . = ALIGN (0x4)
                0x0800987c                        PROVIDE (__preinit_array_start = .)
 *(.preinit_array*)
                0x0800987c                        PROVIDE (__preinit_array_end = .)
                0x0800987c                        . = ALIGN (0x4)

.init_array     0x0800987c        0x4
                0x0800987c                        . = ALIGN (0x4)
                0x0800987c                        PROVIDE (__init_array_start = .)
 *(SORT_BY_NAME(.init_array.*))
 *(.init_array*)
 .init_array    0x0800987c        0x4 C:/ST/STM32CubeIDE_2.1.0/STM32CubeIDE/plugins/com.st.stm32cube.ide.mcu.externaltools.gnu-tools-for-stm32.14.3.rel1.win32_1.0.100.202602081740/tools/bin/../lib/gcc/arm-none-eabi/14.3.1/thumb/v7e-m+fp/hard/crtbegin.o
                0x08009880                        PROVIDE (__init_array_end = .)
                0x08009880                        . = ALIGN (0x4)

.fini_array     0x08009880        0x4
                0x08009880                        . = ALIGN (0x4)
                [!provide]                        PROVIDE (__fini_array_start = .)
 *(SORT_BY_NAME(.fini_array.*))
 *(.fini_array*)
 .fini_array    0x08009880        0x4 C:/ST/STM32CubeIDE_2.1.0/STM32CubeIDE/plugins/com.st.stm32cube.ide.mcu.externaltools.gnu-tools-for-stm32.14.3.rel1.win32_1.0.100.202602081740/tools/bin/../lib/gcc/arm-none-eabi/14.3.1/thumb/v7e-m+fp/hard/crtbegin.o
                [!provide]                        PROVIDE (__fini_array_end = .)
                0x08009884                        . = ALIGN (0x4)
                0x08009884                        _sidata = LOADADDR (.data)

.rel.dyn        0x08009884        0x0
 .rel.iplt      0x08009884        0x0 C:/ST/STM32CubeIDE_2.1.0/STM32CubeIDE/plugins/com.st.stm32cube.ide.mcu.externaltools.gnu-tools-for-stm32.14.3.rel1.win32_1.0.100.202602081740/tools/bin/../lib/gcc/arm-none-eabi/14.3.1/thumb/v7e-m+fp/hard/crtbegin.o

.data           0x20000000      0x100 load address 0x08009884
                0x20000000                        . = ALIGN (0x4)
                0x20000000                        _sdata = .
 *(.data)
 *(.data*)
 .data.SystemCoreClock
                0x20000000        0x4 ./Core/Src/platform/system_stm32f4xx.o
                0x20000000                SystemCoreClock
 .data.MagCal   0x20000004       0x40 ./Core/Src/sensor/sensor_common.o
                0x20000004                MagCal
 .data.Complimentary_Filter
                0x20000044       0x64 ./Core/Src/sensor/sensor_common.o
                0x20000044                Complimentary_Filter
 .data.uwTickPrio
                0x200000a8        0x4 ./Drivers/STM32F4xx_HAL_Driver/Src/stm32f4xx_hal.o
                0x200000a8                uwTickPrio
 .data.uwTickFreq
                0x200000ac        0x1 ./Drivers/STM32F4xx_HAL_Driver/Src/stm32f4xx_hal.o
                0x200000ac                uwTickFreq
 *fill*         0x200000ad        0x3 
 .data._impure_ptr
                0x200000b0        0x4 C:/ST/STM32CubeIDE_2.1.0/STM32CubeIDE/plugins/com.st.stm32cube.ide.mcu.externaltools.gnu-tools-for-stm32.14.3.rel1.win32_1.0.100.202602081740/tools/bin/../lib/gcc/arm-none-eabi/14.3.1/../../../../arm-none-eabi/lib/thumb/v7e-m+fp/hard\libc_nano.a(libc_a-impure.o)
                0x200000b0                _impure_ptr
 .data._impure_data
                0x200000b4       0x4c C:/ST/STM32CubeIDE_2.1.0/STM32CubeIDE/plugins/com.st.stm32cube.ide.mcu.externaltools.gnu-tools-for-stm32.14.3.rel1.win32_1.0.100.202602081740/tools/bin/../lib/gcc/arm-none-eabi/14.3.1/../../../../arm-none-eabi/lib/thumb/v7e-m+fp/hard\libc_nano.a(libc_a-impure.o)
                0x200000b4                _impure_data
 *(.RamFunc)
 *(.RamFunc*)
                0x20000100                        . = ALIGN (0x4)
                0x20000100                        _edata = .

.igot.plt       0x20000100        0x0 load address 0x08009984
 .igot.plt      0x20000100        0x0 C:/ST/STM32CubeIDE_2.1.0/STM32CubeIDE/plugins/com.st.stm32cube.ide.mcu.externaltools.gnu-tools-for-stm32.14.3.rel1.win32_1.0.100.202602081740/tools/bin/../lib/gcc/arm-none-eabi/14.3.1/thumb/v7e-m+fp/hard/crtbegin.o
                0x20000100                        . = ALIGN (0x4)

.bss            0x20000100      0x6ec load address 0x08009984
                0x20000100                        _sbss = .
                0x20000100                        __bss_start__ = _sbss
 *(.bss)
 .bss           0x20000100       0x1c C:/ST/STM32CubeIDE_2.1.0/STM32CubeIDE/plugins/com.st.stm32cube.ide.mcu.externaltools.gnu-tools-for-stm32.14.3.rel1.win32_1.0.100.202602081740/tools/bin/../lib/gcc/arm-none-eabi/14.3.1/thumb/v7e-m+fp/hard/crtbegin.o
 *(.bss*)
 .bss.rx_dma_buf
                0x2000011c      0x100 ./Core/Src/comm/pid_tuning.o
 .bss.cmd_work  0x2000021c       0x80 ./Core/Src/comm/pid_tuning.o
 .bss.cmd_len   0x2000029c        0x2 ./Core/Src/comm/pid_tuning.o
 *fill*         0x2000029e        0x2 
 .bss.cmd_ready
                0x200002a0       0x80 ./Core/Src/comm/pid_tuning.o
 .bss.line_ready
                0x20000320        0x1 ./Core/Src/comm/pid_tuning.o
 *fill*         0x20000321        0x3 
 .bss.s_last_heartbeat_ms
                0x20000324        0x4 ./Core/Src/main.o
 .bss.s_last_stream_ms
                0x20000328        0x4 ./Core/Src/main.o
 .bss.s_prev_imu_time_us
                0x2000032c        0x4 ./Core/Src/main.o
 .bss.s_zero_capture_count
                0x20000330        0x4 ./Core/Src/main.o
 .bss.dt        0x20000334        0x4 ./Core/Src/main.o
                0x20000334                dt
 .bss.loop_hz   0x20000338        0x4 ./Core/Src/main.o
                0x20000338                loop_hz
 .bss.compute_dt_us
                0x2000033c        0x4 ./Core/Src/main.o
                0x2000033c                compute_dt_us
 .bss.max_dt    0x20000340        0x4 ./Core/Src/main.o
                0x20000340                max_dt
 .bss.loop_dt_s
                0x20000344        0x4 ./Core/Src/main.o
                0x20000344                loop_dt_s
 .bss.max_compute_dt_us
                0x20000348        0x4 ./Core/Src/main.o
                0x20000348                max_compute_dt_us
 .bss.roll_deg  0x2000034c        0x4 ./Core/Src/main.o
                0x2000034c                roll_deg
 .bss.pitch_deg
                0x20000350        0x4 ./Core/Src/main.o
                0x20000350                pitch_deg
 .bss.yaw_deg   0x20000354        0x4 ./Core/Src/main.o
                0x20000354                yaw_deg
 .bss.delay_initialized
                0x20000358        0x1 ./Core/Src/platform/delay.o
 *fill*         0x20000359        0x3 
 .bss.hi2c1     0x2000035c       0x54 ./Core/Src/platform/i2c.o
                0x2000035c                hi2c1
 .bss.hdma_i2c1_rx
                0x200003b0       0x60 ./Core/Src/platform/i2c.o
                0x200003b0                hdma_i2c1_rx
 .bss.hspi1     0x20000410       0x58 ./Core/Src/platform/spi.o
                0x20000410                hspi1
 .bss.htim2     0x20000468       0x48 ./Core/Src/platform/tim.o
                0x20000468                htim2
 .bss.huart1    0x200004b0       0x48 ./Core/Src/platform/usart.o
                0x200004b0                huart1
 .bss.huart2    0x200004f8       0x48 ./Core/Src/platform/usart.o
                0x200004f8                huart2
 .bss.hdma_usart1_rx
                0x20000540       0x60 ./Core/Src/platform/usart.o
                0x20000540                hdma_usart1_rx
 .bss.hdma_usart2_rx
                0x200005a0       0x60 ./Core/Src/platform/usart.o
                0x200005a0                hdma_usart2_rx
 .bss.s_icm20602_ready
                0x20000600        0x1 ./Core/Src/sensor/imu_config.o
 .bss.acc_lpf_inited.1
                0x20000601        0x1 ./Core/Src/sensor/imu_config.o
 .bss.gyro_lpf_inited.0
                0x20000602        0x1 ./Core/Src/sensor/imu_config.o
 *fill*         0x20000603        0x1 
 .bss.MPU6500_DATA
                0x20000604       0x20 ./Core/Src/sensor/sensor_common.o
                0x20000604                MPU6500_DATA
 .bss.HMC5883L_RAW_DATA
                0x20000624       0x10 ./Core/Src/sensor/sensor_common.o
                0x20000624                HMC5883L_RAW_DATA
 .bss.HMC5883L_DATA
                0x20000634       0x10 ./Core/Src/sensor/sensor_common.o
                0x20000634                HMC5883L_DATA
 .bss.raw_acc   0x20000644        0x6 ./Core/Src/sensor/sensor_common.o
                0x20000644                raw_acc
 *fill*         0x2000064a        0x2 
 .bss.raw_gyro  0x2000064c        0x6 ./Core/Src/sensor/sensor_common.o
                0x2000064c                raw_gyro
 *fill*         0x20000652        0x2 
 .bss.acc_phys  0x20000654        0xc ./Core/Src/sensor/sensor_common.o
                0x20000654                acc_phys
 .bss.gyro_phys
                0x20000660        0xc ./Core/Src/sensor/sensor_common.o
                0x20000660                gyro_phys
 .bss.gyro_final
                0x2000066c        0xc ./Core/Src/sensor/sensor_common.o
                0x2000066c                gyro_final
 .bss.acc_filtered
                0x20000678        0xc ./Core/Src/sensor/sensor_common.o
                0x20000678                acc_filtered
 .bss.mag_filtered
                0x20000684        0xc ./Core/Src/sensor/sensor_common.o
                0x20000684                mag_filtered
 .bss.mag_lpf_inited
                0x20000690        0x1 ./Core/Src/sensor/sensor_common.o
                0x20000690                mag_lpf_inited
 *fill*         0x20000691        0x3 
 .bss.gyro_bias
                0x20000694        0xc ./Core/Src/sensor/sensor_common.o
                0x20000694                gyro_bias
 .bss.accel_bias
                0x200006a0        0xc ./Core/Src/sensor/sensor_common.o
                0x200006a0                accel_bias
 .bss.is_calibrated
                0x200006ac        0x1 ./Core/Src/sensor/sensor_common.o
                0x200006ac                is_calibrated
 *fill*         0x200006ad        0x3 
 .bss.uwTick    0x200006b0        0x4 ./Drivers/STM32F4xx_HAL_Driver/Src/stm32f4xx_hal.o
                0x200006b0                uwTick
 .bss.__sf      0x200006b4      0x138 C:/ST/STM32CubeIDE_2.1.0/STM32CubeIDE/plugins/com.st.stm32cube.ide.mcu.externaltools.gnu-tools-for-stm32.14.3.rel1.win32_1.0.100.202602081740/tools/bin/../lib/gcc/arm-none-eabi/14.3.1/../../../../arm-none-eabi/lib/thumb/v7e-m+fp/hard\libc_nano.a(libc_a-findfp.o)
                0x200006b4                __sf
 *(COMMON)
                0x200007ec                        . = ALIGN (0x4)
                0x200007ec                        _ebss = .
                0x200007ec                        __bss_end__ = _ebss

._user_heap_stack
                0x200007ec      0x604 load address 0x08009984
                0x200007f0                        . = ALIGN (0x8)
 *fill*         0x200007ec        0x4 
                [!provide]                        PROVIDE (end = .)
                0x200007f0                        PROVIDE (_end = .)
                0x200009f0                        . = (. + _Min_Heap_Size)
 *fill*         0x200007f0      0x200 
                0x20000df0                        . = (. + _Min_Stack_Size)
 *fill*         0x200009f0      0x400 
                0x20000df0                        . = ALIGN (0x8)

/DISCARD/
 libc.a(*)
 libm.a(*)
 libgcc.a(*)

.ARM.attributes
                0x00000000       0x30
 *(.ARM.attributes)
 .ARM.attributes
                0x00000000       0x22 C:/ST/STM32CubeIDE_2.1.0/STM32CubeIDE/plugins/com.st.stm32cube.ide.mcu.externaltools.gnu-tools-for-stm32.14.3.rel1.win32_1.0.100.202602081740/tools/bin/../lib/gcc/arm-none-eabi/14.3.1/thumb/v7e-m+fp/hard/crti.o
 .ARM.attributes
                0x00000022       0x34 C:/ST/STM32CubeIDE_2.1.0/STM32CubeIDE/plugins/com.st.stm32cube.ide.mcu.externaltools.gnu-tools-for-stm32.14.3.rel1.win32_1.0.100.202602081740/tools/bin/../lib/gcc/arm-none-eabi/14.3.1/thumb/v7e-m+fp/hard/crtbegin.o
 .ARM.attributes
                0x00000056       0x34 ./Core/Src/comm/pid_tuning.o
 .ARM.attributes
                0x0000008a       0x34 ./Core/Src/main.o
 .ARM.attributes
                0x000000be       0x34 ./Core/Src/main1.o
 .ARM.attributes
                0x000000f2       0x34 ./Core/Src/platform/delay.o
 .ARM.attributes
                0x00000126       0x34 ./Core/Src/platform/dma.o
 .ARM.attributes
                0x0000015a       0x34 ./Core/Src/platform/gpio.o
 .ARM.attributes
                0x0000018e       0x34 ./Core/Src/platform/i2c.o
 .ARM.attributes
                0x000001c2       0x34 ./Core/Src/platform/spi.o
 .ARM.attributes
                0x000001f6       0x34 ./Core/Src/platform/stm32f4xx_hal_msp.o
 .ARM.attributes
                0x0000022a       0x34 ./Core/Src/platform/stm32f4xx_it.o
 .ARM.attributes
                0x0000025e       0x34 ./Core/Src/platform/system_stm32f4xx.o
 .ARM.attributes
                0x00000292       0x34 ./Core/Src/platform/tim.o
 .ARM.attributes
                0x000002c6       0x34 ./Core/Src/platform/usart.o
 .ARM.attributes
                0x000002fa       0x34 ./Core/Src/sensor/complementary_filter.o
 .ARM.attributes
                0x0000032e       0x34 ./Core/Src/sensor/imu_config.o
 .ARM.attributes
                0x00000362       0x34 ./Core/Src/sensor/mag_calibration.o
 .ARM.attributes
                0x00000396       0x34 ./Core/Src/sensor/magnetometer_sensor.o
 .ARM.attributes
                0x000003ca       0x34 ./Core/Src/sensor/sensor_common.o
 .ARM.attributes
                0x000003fe       0x21 ./Core/Startup/startup_stm32f411ceux.o
 .ARM.attributes
                0x0000041f       0x34 ./Drivers/STM32F4xx_HAL_Driver/Src/stm32f4xx_hal.o
 .ARM.attributes
                0x00000453       0x34 ./Drivers/STM32F4xx_HAL_Driver/Src/stm32f4xx_hal_cortex.o
 .ARM.attributes
                0x00000487       0x34 ./Drivers/STM32F4xx_HAL_Driver/Src/stm32f4xx_hal_dma.o
 .ARM.attributes
                0x000004bb       0x34 ./Drivers/STM32F4xx_HAL_Driver/Src/stm32f4xx_hal_gpio.o
 .ARM.attributes
                0x000004ef       0x34 ./Drivers/STM32F4xx_HAL_Driver/Src/stm32f4xx_hal_i2c.o
 .ARM.attributes
                0x00000523       0x34 ./Drivers/STM32F4xx_HAL_Driver/Src/stm32f4xx_hal_rcc.o
 .ARM.attributes
                0x00000557       0x34 ./Drivers/STM32F4xx_HAL_Driver/Src/stm32f4xx_hal_spi.o
 .ARM.attributes
                0x0000058b       0x34 ./Drivers/STM32F4xx_HAL_Driver/Src/stm32f4xx_hal_tim.o
 .ARM.attributes
                0x000005bf       0x34 ./Drivers/STM32F4xx_HAL_Driver/Src/stm32f4xx_hal_tim_ex.o
 .ARM.attributes
                0x000005f3       0x34 ./Drivers/STM32F4xx_HAL_Driver/Src/stm32f4xx_hal_uart.o
 .ARM.attributes
                0x00000627       0x34 C:/ST/STM32CubeIDE_2.1.0/STM32CubeIDE/plugins/com.st.stm32cube.ide.mcu.externaltools.gnu-tools-for-stm32.14.3.rel1.win32_1.0.100.202602081740/tools/bin/../lib/gcc/arm-none-eabi/14.3.1/../../../../arm-none-eabi/lib/thumb/v7e-m+fp/hard\libc_nano.a(libc_a-findfp.o)
 .ARM.attributes
                0x0000065b       0x34 C:/ST/STM32CubeIDE_2.1.0/STM32CubeIDE/plugins/com.st.stm32cube.ide.mcu.externaltools.gnu-tools-for-stm32.14.3.rel1.win32_1.0.100.202602081740/tools/bin/../lib/gcc/arm-none-eabi/14.3.1/../../../../arm-none-eabi/lib/thumb/v7e-m+fp/hard\libc_nano.a(libc_a-memset.o)
 .ARM.attributes
                0x0000068f       0x34 C:/ST/STM32CubeIDE_2.1.0/STM32CubeIDE/plugins/com.st.stm32cube.ide.mcu.externaltools.gnu-tools-for-stm32.14.3.rel1.win32_1.0.100.202602081740/tools/bin/../lib/gcc/arm-none-eabi/14.3.1/../../../../arm-none-eabi/lib/thumb/v7e-m+fp/hard\libc_nano.a(libc_a-strncpy.o)
 .ARM.attributes
                0x000006c3       0x34 C:/ST/STM32CubeIDE_2.1.0/STM32CubeIDE/plugins/com.st.stm32cube.ide.mcu.externaltools.gnu-tools-for-stm32.14.3.rel1.win32_1.0.100.202602081740/tools/bin/../lib/gcc/arm-none-eabi/14.3.1/../../../../arm-none-eabi/lib/thumb/v7e-m+fp/hard\libc_nano.a(libc_a-impure.o)
 .ARM.attributes
                0x000006f7       0x34 C:/ST/STM32CubeIDE_2.1.0/STM32CubeIDE/plugins/com.st.stm32cube.ide.mcu.externaltools.gnu-tools-for-stm32.14.3.rel1.win32_1.0.100.202602081740/tools/bin/../lib/gcc/arm-none-eabi/14.3.1/../../../../arm-none-eabi/lib/thumb/v7e-m+fp/hard\libc_nano.a(libc_a-errno.o)
 .ARM.attributes
                0x0000072b       0x34 C:/ST/STM32CubeIDE_2.1.0/STM32CubeIDE/plugins/com.st.stm32cube.ide.mcu.externaltools.gnu-tools-for-stm32.14.3.rel1.win32_1.0.100.202602081740/tools/bin/../lib/gcc/arm-none-eabi/14.3.1/../../../../arm-none-eabi/lib/thumb/v7e-m+fp/hard\libc_nano.a(libc_a-init.o)
 .ARM.attributes
                0x0000075f       0x34 C:/ST/STM32CubeIDE_2.1.0/STM32CubeIDE/plugins/com.st.stm32cube.ide.mcu.externaltools.gnu-tools-for-stm32.14.3.rel1.win32_1.0.100.202602081740/tools/bin/../lib/gcc/arm-none-eabi/14.3.1/../../../../arm-none-eabi/lib/thumb/v7e-m+fp/hard\libm.a(libm_a-wf_atan2.o)
 .ARM.attributes
                0x00000793       0x34 C:/ST/STM32CubeIDE_2.1.0/STM32CubeIDE/plugins/com.st.stm32cube.ide.mcu.externaltools.gnu-tools-for-stm32.14.3.rel1.win32_1.0.100.202602081740/tools/bin/../lib/gcc/arm-none-eabi/14.3.1/../../../../arm-none-eabi/lib/thumb/v7e-m+fp/hard\libm.a(libm_a-wf_sqrt.o)
 .ARM.attributes
                0x000007c7       0x34 C:/ST/STM32CubeIDE_2.1.0/STM32CubeIDE/plugins/com.st.stm32cube.ide.mcu.externaltools.gnu-tools-for-stm32.14.3.rel1.win32_1.0.100.202602081740/tools/bin/../lib/gcc/arm-none-eabi/14.3.1/../../../../arm-none-eabi/lib/thumb/v7e-m+fp/hard\libm.a(libm_a-sf_cos.o)
 .ARM.attributes
                0x000007fb       0x34 C:/ST/STM32CubeIDE_2.1.0/STM32CubeIDE/plugins/com.st.stm32cube.ide.mcu.externaltools.gnu-tools-for-stm32.14.3.rel1.win32_1.0.100.202602081740/tools/bin/../lib/gcc/arm-none-eabi/14.3.1/../../../../arm-none-eabi/lib/thumb/v7e-m+fp/hard\libm.a(libm_a-sf_sin.o)
 .ARM.attributes
                0x0000082f       0x34 C:/ST/STM32CubeIDE_2.1.0/STM32CubeIDE/plugins/com.st.stm32cube.ide.mcu.externaltools.gnu-tools-for-stm32.14.3.rel1.win32_1.0.100.202602081740/tools/bin/../lib/gcc/arm-none-eabi/14.3.1/../../../../arm-none-eabi/lib/thumb/v7e-m+fp/hard\libm.a(libm_a-sf_tan.o)
 .ARM.attributes
                0x00000863       0x34 C:/ST/STM32CubeIDE_2.1.0/STM32CubeIDE/plugins/com.st.stm32cube.ide.mcu.externaltools.gnu-tools-for-stm32.14.3.rel1.win32_1.0.100.202602081740/tools/bin/../lib/gcc/arm-none-eabi/14.3.1/../../../../arm-none-eabi/lib/thumb/v7e-m+fp/hard\libm.a(libm_a-ef_sqrt.o)
 .ARM.attributes
                0x00000897       0x34 C:/ST/STM32CubeIDE_2.1.0/STM32CubeIDE/plugins/com.st.stm32cube.ide.mcu.externaltools.gnu-tools-for-stm32.14.3.rel1.win32_1.0.100.202602081740/tools/bin/../lib/gcc/arm-none-eabi/14.3.1/../../../../arm-none-eabi/lib/thumb/v7e-m+fp/hard\libm.a(libm_a-kf_cos.o)
 .ARM.attributes
                0x000008cb       0x34 C:/ST/STM32CubeIDE_2.1.0/STM32CubeIDE/plugins/com.st.stm32cube.ide.mcu.externaltools.gnu-tools-for-stm32.14.3.rel1.win32_1.0.100.202602081740/tools/bin/../lib/gcc/arm-none-eabi/14.3.1/../../../../arm-none-eabi/lib/thumb/v7e-m+fp/hard\libm.a(libm_a-kf_sin.o)
 .ARM.attributes
                0x000008ff       0x34 C:/ST/STM32CubeIDE_2.1.0/STM32CubeIDE/plugins/com.st.stm32cube.ide.mcu.externaltools.gnu-tools-for-stm32.14.3.rel1.win32_1.0.100.202602081740/tools/bin/../lib/gcc/arm-none-eabi/14.3.1/../../../../arm-none-eabi/lib/thumb/v7e-m+fp/hard\libm.a(libm_a-kf_tan.o)
 .ARM.attributes
                0x00000933       0x34 C:/ST/STM32CubeIDE_2.1.0/STM32CubeIDE/plugins/com.st.stm32cube.ide.mcu.externaltools.gnu-tools-for-stm32.14.3.rel1.win32_1.0.100.202602081740/tools/bin/../lib/gcc/arm-none-eabi/14.3.1/../../../../arm-none-eabi/lib/thumb/v7e-m+fp/hard\libm.a(libm_a-ef_atan2.o)
 .ARM.attributes
                0x00000967       0x34 C:/ST/STM32CubeIDE_2.1.0/STM32CubeIDE/plugins/com.st.stm32cube.ide.mcu.externaltools.gnu-tools-for-stm32.14.3.rel1.win32_1.0.100.202602081740/tools/bin/../lib/gcc/arm-none-eabi/14.3.1/../../../../arm-none-eabi/lib/thumb/v7e-m+fp/hard\libm.a(libm_a-ef_rem_pio2.o)
 .ARM.attributes
                0x0000099b       0x34 C:/ST/STM32CubeIDE_2.1.0/STM32CubeIDE/plugins/com.st.stm32cube.ide.mcu.externaltools.gnu-tools-for-stm32.14.3.rel1.win32_1.0.100.202602081740/tools/bin/../lib/gcc/arm-none-eabi/14.3.1/../../../../arm-none-eabi/lib/thumb/v7e-m+fp/hard\libm.a(libm_a-sf_atan.o)
 .ARM.attributes
                0x000009cf       0x34 C:/ST/STM32CubeIDE_2.1.0/STM32CubeIDE/plugins/com.st.stm32cube.ide.mcu.externaltools.gnu-tools-for-stm32.14.3.rel1.win32_1.0.100.202602081740/tools/bin/../lib/gcc/arm-none-eabi/14.3.1/../../../../arm-none-eabi/lib/thumb/v7e-m+fp/hard\libm.a(libm_a-sf_fabs.o)
 .ARM.attributes
                0x00000a03       0x34 C:/ST/STM32CubeIDE_2.1.0/STM32CubeIDE/plugins/com.st.stm32cube.ide.mcu.externaltools.gnu-tools-for-stm32.14.3.rel1.win32_1.0.100.202602081740/tools/bin/../lib/gcc/arm-none-eabi/14.3.1/../../../../arm-none-eabi/lib/thumb/v7e-m+fp/hard\libm.a(libm_a-kf_rem_pio2.o)
 .ARM.attributes
                0x00000a37       0x34 C:/ST/STM32CubeIDE_2.1.0/STM32CubeIDE/plugins/com.st.stm32cube.ide.mcu.externaltools.gnu-tools-for-stm32.14.3.rel1.win32_1.0.100.202602081740/tools/bin/../lib/gcc/arm-none-eabi/14.3.1/../../../../arm-none-eabi/lib/thumb/v7e-m+fp/hard\libm.a(libm_a-sf_scalbn.o)
 .ARM.attributes
                0x00000a6b       0x34 C:/ST/STM32CubeIDE_2.1.0/STM32CubeIDE/plugins/com.st.stm32cube.ide.mcu.externaltools.gnu-tools-for-stm32.14.3.rel1.win32_1.0.100.202602081740/tools/bin/../lib/gcc/arm-none-eabi/14.3.1/../../../../arm-none-eabi/lib/thumb/v7e-m+fp/hard\libm.a(libm_a-sf_floor.o)
 .ARM.attributes
                0x00000a9f       0x22 C:/ST/STM32CubeIDE_2.1.0/STM32CubeIDE/plugins/com.st.stm32cube.ide.mcu.externaltools.gnu-tools-for-stm32.14.3.rel1.win32_1.0.100.202602081740/tools/bin/../lib/gcc/arm-none-eabi/14.3.1/thumb/v7e-m+fp/hard\libgcc.a(_arm_addsubdf3.o)
 .ARM.attributes
                0x00000ac1       0x22 C:/ST/STM32CubeIDE_2.1.0/STM32CubeIDE/plugins/com.st.stm32cube.ide.mcu.externaltools.gnu-tools-for-stm32.14.3.rel1.win32_1.0.100.202602081740/tools/bin/../lib/gcc/arm-none-eabi/14.3.1/thumb/v7e-m+fp/hard\libgcc.a(_arm_muldivdf3.o)
 .ARM.attributes
                0x00000ae3       0x22 C:/ST/STM32CubeIDE_2.1.0/STM32CubeIDE/plugins/com.st.stm32cube.ide.mcu.externaltools.gnu-tools-for-stm32.14.3.rel1.win32_1.0.100.202602081740/tools/bin/../lib/gcc/arm-none-eabi/14.3.1/thumb/v7e-m+fp/hard\libgcc.a(_arm_cmpdf2.o)
 .ARM.attributes
                0x00000b05       0x22 C:/ST/STM32CubeIDE_2.1.0/STM32CubeIDE/plugins/com.st.stm32cube.ide.mcu.externaltools.gnu-tools-for-stm32.14.3.rel1.win32_1.0.100.202602081740/tools/bin/../lib/gcc/arm-none-eabi/14.3.1/thumb/v7e-m+fp/hard\libgcc.a(_arm_truncdfsf2.o)
 .ARM.attributes
                0x00000b27       0x22 C:/ST/STM32CubeIDE_2.1.0/STM32CubeIDE/plugins/com.st.stm32cube.ide.mcu.externaltools.gnu-tools-for-stm32.14.3.rel1.win32_1.0.100.202602081740/tools/bin/../lib/gcc/arm-none-eabi/14.3.1/thumb/v7e-m+fp/hard\libgcc.a(_aeabi_uldivmod.o)
 .ARM.attributes
                0x00000b49       0x34 C:/ST/STM32CubeIDE_2.1.0/STM32CubeIDE/plugins/com.st.stm32cube.ide.mcu.externaltools.gnu-tools-for-stm32.14.3.rel1.win32_1.0.100.202602081740/tools/bin/../lib/gcc/arm-none-eabi/14.3.1/thumb/v7e-m+fp/hard\libgcc.a(_udivmoddi4.o)
 .ARM.attributes
                0x00000b7d       0x22 C:/ST/STM32CubeIDE_2.1.0/STM32CubeIDE/plugins/com.st.stm32cube.ide.mcu.externaltools.gnu-tools-for-stm32.14.3.rel1.win32_1.0.100.202602081740/tools/bin/../lib/gcc/arm-none-eabi/14.3.1/thumb/v7e-m+fp/hard\libgcc.a(_dvmd_tls.o)
 .ARM.attributes
                0x00000b9f       0x22 C:/ST/STM32CubeIDE_2.1.0/STM32CubeIDE/plugins/com.st.stm32cube.ide.mcu.externaltools.gnu-tools-for-stm32.14.3.rel1.win32_1.0.100.202602081740/tools/bin/../lib/gcc/arm-none-eabi/14.3.1/thumb/v7e-m+fp/hard/crtn.o
OUTPUT(FC_F411.elf elf32-littlearm)
LOAD linker stubs
LOAD C:/ST/STM32CubeIDE_2.1.0/STM32CubeIDE/plugins/com.st.stm32cube.ide.mcu.externaltools.gnu-tools-for-stm32.14.3.rel1.win32_1.0.100.202602081740/tools/bin/../lib/gcc/arm-none-eabi/14.3.1/../../../../arm-none-eabi/lib/thumb/v7e-m+fp/hard\libc.a
LOAD C:/ST/STM32CubeIDE_2.1.0/STM32CubeIDE/plugins/com.st.stm32cube.ide.mcu.externaltools.gnu-tools-for-stm32.14.3.rel1.win32_1.0.100.202602081740/tools/bin/../lib/gcc/arm-none-eabi/14.3.1/../../../../arm-none-eabi/lib/thumb/v7e-m+fp/hard\libm.a
LOAD C:/ST/STM32CubeIDE_2.1.0/STM32CubeIDE/plugins/com.st.stm32cube.ide.mcu.externaltools.gnu-tools-for-stm32.14.3.rel1.win32_1.0.100.202602081740/tools/bin/../lib/gcc/arm-none-eabi/14.3.1/thumb/v7e-m+fp/hard\libgcc.a

.debug_info     0x00000000    0x162c4
 .debug_info    0x00000000      0xb7e ./Core/Src/comm/pid_tuning.o
 .debug_info    0x00000b7e      0x82c ./Core/Src/main.o
 .debug_info    0x000013aa      0xaa6 ./Core/Src/main1.o
 .debug_info    0x00001e50      0x6f3 ./Core/Src/platform/delay.o
 .debug_info    0x00002543      0x45e ./Core/Src/platform/dma.o
 .debug_info    0x000029a1      0x433 ./Core/Src/platform/gpio.o
 .debug_info    0x00002dd4      0x9e2 ./Core/Src/platform/i2c.o
 .debug_info    0x000037b6      0x980 ./Core/Src/platform/spi.o
 .debug_info    0x00004136      0x291 ./Core/Src/platform/stm32f4xx_hal_msp.o
 .debug_info    0x000043c7      0x6c1 ./Core/Src/platform/stm32f4xx_it.o
 .debug_info    0x00004a88      0x53e ./Core/Src/platform/system_stm32f4xx.o
 .debug_info    0x00004fc6      0xd05 ./Core/Src/platform/tim.o
 .debug_info    0x00005ccb      0xbd1 ./Core/Src/platform/usart.o
 .debug_info    0x0000689c      0x53f ./Core/Src/sensor/complementary_filter.o
 .debug_info    0x00006ddb      0xb11 ./Core/Src/sensor/imu_config.o
 .debug_info    0x000078ec      0x2b9 ./Core/Src/sensor/mag_calibration.o
 .debug_info    0x00007ba5      0x8c7 ./Core/Src/sensor/magnetometer_sensor.o
 .debug_info    0x0000846c      0x86f ./Core/Src/sensor/sensor_common.o
 .debug_info    0x00008cdb       0x30 ./Core/Startup/startup_stm32f411ceux.o
 .debug_info    0x00008d0b      0x8c4 ./Drivers/STM32F4xx_HAL_Driver/Src/stm32f4xx_hal.o
 .debug_info    0x000095cf      0xcfc ./Drivers/STM32F4xx_HAL_Driver/Src/stm32f4xx_hal_cortex.o
 .debug_info    0x0000a2cb      0x8e6 ./Drivers/STM32F4xx_HAL_Driver/Src/stm32f4xx_hal_dma.o
 .debug_info    0x0000abb1      0x6f9 ./Drivers/STM32F4xx_HAL_Driver/Src/stm32f4xx_hal_gpio.o
 .debug_info    0x0000b2aa     0x2426 ./Drivers/STM32F4xx_HAL_Driver/Src/stm32f4xx_hal_i2c.o
 .debug_info    0x0000d6d0      0x904 ./Drivers/STM32F4xx_HAL_Driver/Src/stm32f4xx_hal_rcc.o
 .debug_info    0x0000dfd4     0x1530 ./Drivers/STM32F4xx_HAL_Driver/Src/stm32f4xx_hal_spi.o
 .debug_info    0x0000f504     0x2996 ./Drivers/STM32F4xx_HAL_Driver/Src/stm32f4xx_hal_tim.o
 .debug_info    0x00011e9a     0x14d4 ./Drivers/STM32F4xx_HAL_Driver/Src/stm32f4xx_hal_tim_ex.o
 .debug_info    0x0001336e     0x2f56 ./Drivers/STM32F4xx_HAL_Driver/Src/stm32f4xx_hal_uart.o

.debug_abbrev   0x00000000     0x389f
 .debug_abbrev  0x00000000      0x266 ./Core/Src/comm/pid_tuning.o
 .debug_abbrev  0x00000266      0x279 ./Core/Src/main.o
 .debug_abbrev  0x000004df      0x235 ./Core/Src/main1.o
 .debug_abbrev  0x00000714      0x1b8 ./Core/Src/platform/delay.o
 .debug_abbrev  0x000008cc      0x11b ./Core/Src/platform/dma.o
 .debug_abbrev  0x000009e7      0x151 ./Core/Src/platform/gpio.o
 .debug_abbrev  0x00000b38      0x204 ./Core/Src/platform/i2c.o
 .debug_abbrev  0x00000d3c      0x1f8 ./Core/Src/platform/spi.o
 .debug_abbrev  0x00000f34       0xd8 ./Core/Src/platform/stm32f4xx_hal_msp.o
 .debug_abbrev  0x0000100c      0x19c ./Core/Src/platform/stm32f4xx_it.o
 .debug_abbrev  0x000011a8      0x11a ./Core/Src/platform/system_stm32f4xx.o
 .debug_abbrev  0x000012c2      0x265 ./Core/Src/platform/tim.o
 .debug_abbrev  0x00001527      0x233 ./Core/Src/platform/usart.o
 .debug_abbrev  0x0000175a      0x180 ./Core/Src/sensor/complementary_filter.o
 .debug_abbrev  0x000018da      0x259 ./Core/Src/sensor/imu_config.o
 .debug_abbrev  0x00001b33      0x133 ./Core/Src/sensor/mag_calibration.o
 .debug_abbrev  0x00001c66      0x1a3 ./Core/Src/sensor/magnetometer_sensor.o
 .debug_abbrev  0x00001e09       0xf2 ./Core/Src/sensor/sensor_common.o
 .debug_abbrev  0x00001efb       0x24 ./Core/Startup/startup_stm32f411ceux.o
 .debug_abbrev  0x00001f1f      0x24b ./Drivers/STM32F4xx_HAL_Driver/Src/stm32f4xx_hal.o
 .debug_abbrev  0x0000216a      0x31d ./Drivers/STM32F4xx_HAL_Driver/Src/stm32f4xx_hal_cortex.o
 .debug_abbrev  0x00002487      0x221 ./Drivers/STM32F4xx_HAL_Driver/Src/stm32f4xx_hal_dma.o
 .debug_abbrev  0x000026a8      0x1d3 ./Drivers/STM32F4xx_HAL_Driver/Src/stm32f4xx_hal_gpio.o
 .debug_abbrev  0x0000287b      0x2bc ./Drivers/STM32F4xx_HAL_Driver/Src/stm32f4xx_hal_i2c.o
 .debug_abbrev  0x00002b37      0x2b6 ./Drivers/STM32F4xx_HAL_Driver/Src/stm32f4xx_hal_rcc.o
 .debug_abbrev  0x00002ded      0x276 ./Drivers/STM32F4xx_HAL_Driver/Src/stm32f4xx_hal_spi.o
 .debug_abbrev  0x00003063      0x28b ./Drivers/STM32F4xx_HAL_Driver/Src/stm32f4xx_hal_tim.o
 .debug_abbrev  0x000032ee      0x296 ./Drivers/STM32F4xx_HAL_Driver/Src/stm32f4xx_hal_tim_ex.o
 .debug_abbrev  0x00003584      0x31b ./Drivers/STM32F4xx_HAL_Driver/Src/stm32f4xx_hal_uart.o

.debug_aranges  0x00000000     0x1388
 .debug_aranges
                0x00000000       0x50 ./Core/Src/comm/pid_tuning.o
 .debug_aranges
                0x00000050       0x70 ./Core/Src/main.o
 .debug_aranges
                0x000000c0       0x30 ./Core/Src/main1.o
 .debug_aranges
                0x000000f0       0x30 ./Core/Src/platform/delay.o
 .debug_aranges
                0x00000120       0x20 ./Core/Src/platform/dma.o
 .debug_aranges
                0x00000140       0x20 ./Core/Src/platform/gpio.o
 .debug_aranges
                0x00000160       0x30 ./Core/Src/platform/i2c.o
 .debug_aranges
                0x00000190       0x30 ./Core/Src/platform/spi.o
 .debug_aranges
                0x000001c0       0x20 ./Core/Src/platform/stm32f4xx_hal_msp.o
 .debug_aranges
                0x000001e0       0x88 ./Core/Src/platform/stm32f4xx_it.o
 .debug_aranges
                0x00000268       0x28 ./Core/Src/platform/system_stm32f4xx.o
 .debug_aranges
                0x00000290       0x48 ./Core/Src/platform/tim.o
 .debug_aranges
                0x000002d8       0x38 ./Core/Src/platform/usart.o
 .debug_aranges
                0x00000310       0x38 ./Core/Src/sensor/complementary_filter.o
 .debug_aranges
                0x00000348       0x68 ./Core/Src/sensor/imu_config.o
 .debug_aranges
                0x000003b0       0x28 ./Core/Src/sensor/mag_calibration.o
 .debug_aranges
                0x000003d8       0x28 ./Core/Src/sensor/magnetometer_sensor.o
 .debug_aranges
                0x00000400       0x18 ./Core/Src/sensor/sensor_common.o
 .debug_aranges
                0x00000418       0x28 ./Core/Startup/startup_stm32f411ceux.o
 .debug_aranges
                0x00000440       0xf0 ./Drivers/STM32F4xx_HAL_Driver/Src/stm32f4xx_hal.o
 .debug_aranges
                0x00000530      0x130 ./Drivers/STM32F4xx_HAL_Driver/Src/stm32f4xx_hal_cortex.o
 .debug_aranges
                0x00000660       0x90 ./Drivers/STM32F4xx_HAL_Driver/Src/stm32f4xx_hal_dma.o
 .debug_aranges
                0x000006f0       0x58 ./Drivers/STM32F4xx_HAL_Driver/Src/stm32f4xx_hal_gpio.o
 .debug_aranges
                0x00000748      0x2a8 ./Drivers/STM32F4xx_HAL_Driver/Src/stm32f4xx_hal_i2c.o
 .debug_aranges
                0x000009f0       0x88 ./Drivers/STM32F4xx_HAL_Driver/Src/stm32f4xx_hal_rcc.o
 .debug_aranges
                0x00000a78      0x1d0 ./Drivers/STM32F4xx_HAL_Driver/Src/stm32f4xx_hal_spi.o
 .debug_aranges
                0x00000c48      0x3d0 ./Drivers/STM32F4xx_HAL_Driver/Src/stm32f4xx_hal_tim.o
 .debug_aranges
                0x00001018      0x168 ./Drivers/STM32F4xx_HAL_Driver/Src/stm32f4xx_hal_tim_ex.o
 .debug_aranges
                0x00001180      0x208 ./Drivers/STM32F4xx_HAL_Driver/Src/stm32f4xx_hal_uart.o

.debug_rnglists
                0x00000000      0xf3a
 .debug_rnglists
                0x00000000       0x39 ./Core/Src/comm/pid_tuning.o
 .debug_rnglists
                0x00000039       0x52 ./Core/Src/main.o
 .debug_rnglists
                0x0000008b       0x21 ./Core/Src/main1.o
 .debug_rnglists
                0x000000ac       0x1f ./Core/Src/platform/delay.o
 .debug_rnglists
                0x000000cb       0x13 ./Core/Src/platform/dma.o
 .debug_rnglists
                0x000000de       0x14 ./Core/Src/platform/gpio.o
 .debug_rnglists
                0x000000f2       0x20 ./Core/Src/platform/i2c.o
 .debug_rnglists
                0x00000112       0x20 ./Core/Src/platform/spi.o
 .debug_rnglists
                0x00000132       0x13 ./Core/Src/platform/stm32f4xx_hal_msp.o
 .debug_rnglists
                0x00000145       0x61 ./Core/Src/platform/stm32f4xx_it.o
 .debug_rnglists
                0x000001a6       0x1a ./Core/Src/platform/system_stm32f4xx.o
 .debug_rnglists
                0x000001c0       0x36 ./Core/Src/platform/tim.o
 .debug_rnglists
                0x000001f6       0x27 ./Core/Src/platform/usart.o
 .debug_rnglists
                0x0000021d       0x38 ./Core/Src/sensor/complementary_filter.o
 .debug_rnglists
                0x00000255       0x4d ./Core/Src/sensor/imu_config.o
 .debug_rnglists
                0x000002a2       0x1b ./Core/Src/sensor/mag_calibration.o
 .debug_rnglists
                0x000002bd       0x1a ./Core/Src/sensor/magnetometer_sensor.o
 .debug_rnglists
                0x000002d7       0x19 ./Core/Startup/startup_stm32f411ceux.o
 .debug_rnglists
                0x000002f0       0xaf ./Drivers/STM32F4xx_HAL_Driver/Src/stm32f4xx_hal.o
 .debug_rnglists
                0x0000039f       0xe0 ./Drivers/STM32F4xx_HAL_Driver/Src/stm32f4xx_hal_cortex.o
 .debug_rnglists
                0x0000047f       0x70 ./Drivers/STM32F4xx_HAL_Driver/Src/stm32f4xx_hal_dma.o
 .debug_rnglists
                0x000004ef       0x3f ./Drivers/STM32F4xx_HAL_Driver/Src/stm32f4xx_hal_gpio.o
 .debug_rnglists
                0x0000052e      0x23c ./Drivers/STM32F4xx_HAL_Driver/Src/stm32f4xx_hal_i2c.o
 .debug_rnglists
                0x0000076a       0x66 ./Drivers/STM32F4xx_HAL_Driver/Src/stm32f4xx_hal_rcc.o
 .debug_rnglists
                0x000007d0      0x16f ./Drivers/STM32F4xx_HAL_Driver/Src/stm32f4xx_hal_spi.o
 .debug_rnglists
                0x0000093f      0x31a ./Drivers/STM32F4xx_HAL_Driver/Src/stm32f4xx_hal_tim.o
 .debug_rnglists
                0x00000c59      0x125 ./Drivers/STM32F4xx_HAL_Driver/Src/stm32f4xx_hal_tim_ex.o
 .debug_rnglists
                0x00000d7e      0x1bc ./Drivers/STM32F4xx_HAL_Driver/Src/stm32f4xx_hal_uart.o

.debug_macro    0x00000000    0x19dec
 .debug_macro   0x00000000      0x3f8 ./Core/Src/comm/pid_tuning.o
 .debug_macro   0x000003f8      0xad8 ./Core/Src/comm/pid_tuning.o
 .debug_macro   0x00000ed0      0x2a7 ./Core/Src/comm/pid_tuning.o
 .debug_macro   0x00001177       0x2e ./Core/Src/comm/pid_tuning.o
 .debug_macro   0x000011a5       0x28 ./Core/Src/comm/pid_tuning.o
 .debug_macro   0x000011cd       0x22 ./Core/Src/comm/pid_tuning.o
 .debug_macro   0x000011ef       0x8e ./Core/Src/comm/pid_tuning.o
 .debug_macro   0x0000127d       0x51 ./Core/Src/comm/pid_tuning.o
 .debug_macro   0x000012ce      0x103 ./Core/Src/comm/pid_tuning.o
 .debug_macro   0x000013d1       0x6a ./Core/Src/comm/pid_tuning.o
 .debug_macro   0x0000143b      0x1df ./Core/Src/comm/pid_tuning.o
 .debug_macro   0x0000161a       0x1c ./Core/Src/comm/pid_tuning.o
 .debug_macro   0x00001636       0x22 ./Core/Src/comm/pid_tuning.o
 .debug_macro   0x00001658       0xfb ./Core/Src/comm/pid_tuning.o
 .debug_macro   0x00001753     0x1011 ./Core/Src/comm/pid_tuning.o
 .debug_macro   0x00002764      0x11f ./Core/Src/comm/pid_tuning.o
 .debug_macro   0x00002883     0xb968 ./Core/Src/comm/pid_tuning.o
 .debug_macro   0x0000e1eb       0x6d ./Core/Src/comm/pid_tuning.o
 .debug_macro   0x0000e258     0x3693 ./Core/Src/comm/pid_tuning.o
 .debug_macro   0x000118eb      0x190 ./Core/Src/comm/pid_tuning.o
 .debug_macro   0x00011a7b       0x5c ./Core/Src/comm/pid_tuning.o
 .debug_macro   0x00011ad7      0x45c ./Core/Src/comm/pid_tuning.o
 .debug_macro   0x00011f33      0x9e9 ./Core/Src/comm/pid_tuning.o
 .debug_macro   0x0001291c      0x115 ./Core/Src/comm/pid_tuning.o
 .debug_macro   0x00012a31      0x11b ./Core/Src/comm/pid_tuning.o
 .debug_macro   0x00012b4c       0xa5 ./Core/Src/comm/pid_tuning.o
 .debug_macro   0x00012bf1      0x15f ./Core/Src/comm/pid_tuning.o
 .debug_macro   0x00012d50      0x287 ./Core/Src/comm/pid_tuning.o
 .debug_macro   0x00012fd7       0x5f ./Core/Src/comm/pid_tuning.o
 .debug_macro   0x00013036      0x236 ./Core/Src/comm/pid_tuning.o
 .debug_macro   0x0001326c      0x132 ./Core/Src/comm/pid_tuning.o
 .debug_macro   0x0001339e      0x264 ./Core/Src/comm/pid_tuning.o
 .debug_macro   0x00013602       0x2e ./Core/Src/comm/pid_tuning.o
 .debug_macro   0x00013630      0x1b5 ./Core/Src/comm/pid_tuning.o
 .debug_macro   0x000137e5       0x22 ./Core/Src/comm/pid_tuning.o
 .debug_macro   0x00013807       0xd6 ./Core/Src/comm/pid_tuning.o
 .debug_macro   0x000138dd      0x127 ./Core/Src/comm/pid_tuning.o
 .debug_macro   0x00013a04       0x85 ./Core/Src/comm/pid_tuning.o
 .debug_macro   0x00013a89       0x89 ./Core/Src/comm/pid_tuning.o
 .debug_macro   0x00013b12      0x225 ./Core/Src/comm/pid_tuning.o
 .debug_macro   0x00013d37      0x8ed ./Core/Src/comm/pid_tuning.o
 .debug_macro   0x00014624       0x47 ./Core/Src/comm/pid_tuning.o
 .debug_macro   0x0001466b      0x2aa ./Core/Src/comm/pid_tuning.o
 .debug_macro   0x00014915      0x126 ./Core/Src/comm/pid_tuning.o
 .debug_macro   0x00014a3b       0x10 ./Core/Src/comm/pid_tuning.o
 .debug_macro   0x00014a4b       0x61 ./Core/Src/comm/pid_tuning.o
 .debug_macro   0x00014aac       0x2a ./Core/Src/comm/pid_tuning.o
 .debug_macro   0x00014ad6       0x43 ./Core/Src/comm/pid_tuning.o
 .debug_macro   0x00014b19       0x34 ./Core/Src/comm/pid_tuning.o
 .debug_macro   0x00014b4d      0x364 ./Core/Src/comm/pid_tuning.o
 .debug_macro   0x00014eb1       0x16 ./Core/Src/comm/pid_tuning.o
 .debug_macro   0x00014ec7       0x4a ./Core/Src/comm/pid_tuning.o
 .debug_macro   0x00014f11       0x34 ./Core/Src/comm/pid_tuning.o
 .debug_macro   0x00014f45       0x10 ./Core/Src/comm/pid_tuning.o
 .debug_macro   0x00014f55       0x58 ./Core/Src/comm/pid_tuning.o
 .debug_macro   0x00014fad       0x8e ./Core/Src/comm/pid_tuning.o
 .debug_macro   0x0001503b       0x1c ./Core/Src/comm/pid_tuning.o
 .debug_macro   0x00015057      0x17e ./Core/Src/comm/pid_tuning.o
 .debug_macro   0x000151d5       0x10 ./Core/Src/comm/pid_tuning.o
 .debug_macro   0x000151e5       0x3c ./Core/Src/comm/pid_tuning.o
 .debug_macro   0x00015221       0x20 ./Core/Src/comm/pid_tuning.o
 .debug_macro   0x00015241      0x19b ./Core/Src/comm/pid_tuning.o
 .debug_macro   0x000153dc      0x201 ./Core/Src/comm/pid_tuning.o
 .debug_macro   0x000155dd       0x7c ./Core/Src/comm/pid_tuning.o
 .debug_macro   0x00015659       0x17 ./Core/Src/comm/pid_tuning.o
 .debug_macro   0x00015670      0x118 ./Core/Src/comm/pid_tuning.o
 .debug_macro   0x00015788      0x169 ./Core/Src/comm/pid_tuning.o
 .debug_macro   0x000158f1       0x16 ./Core/Src/comm/pid_tuning.o
 .debug_macro   0x00015907       0x1c ./Core/Src/comm/pid_tuning.o
 .debug_macro   0x00015923       0x10 ./Core/Src/comm/pid_tuning.o
 .debug_macro   0x00015933       0x1c ./Core/Src/comm/pid_tuning.o
 .debug_macro   0x0001594f       0x16 ./Core/Src/comm/pid_tuning.o
 .debug_macro   0x00015965      0x146 ./Core/Src/comm/pid_tuning.o
 .debug_macro   0x00015aab       0x16 ./Core/Src/comm/pid_tuning.o
 .debug_macro   0x00015ac1       0x16 ./Core/Src/comm/pid_tuning.o
 .debug_macro   0x00015ad7       0x29 ./Core/Src/comm/pid_tuning.o
 .debug_macro   0x00015b00      0x418 ./Core/Src/main.o
 .debug_macro   0x00015f18       0x58 ./Core/Src/main.o
 .debug_macro   0x00015f70       0x1c ./Core/Src/main.o
 .debug_macro   0x00015f8c      0x3fa ./Core/Src/main1.o
 .debug_macro   0x00016386      0x214 ./Core/Src/platform/delay.o
 .debug_macro   0x0001659a      0x20a ./Core/Src/platform/dma.o
 .debug_macro   0x000167a4      0x20a ./Core/Src/platform/gpio.o
 .debug_macro   0x000169ae      0x20a ./Core/Src/platform/i2c.o
 .debug_macro   0x00016bb8      0x20a ./Core/Src/platform/spi.o
 .debug_macro   0x00016dc2      0x200 ./Core/Src/platform/stm32f4xx_hal_msp.o
 .debug_macro   0x00016fc2      0x20a ./Core/Src/platform/stm32f4xx_it.o
 .debug_macro   0x000171cc      0x1f1 ./Core/Src/platform/system_stm32f4xx.o
 .debug_macro   0x000173bd      0x20a ./Core/Src/platform/tim.o
 .debug_macro   0x000175c7      0x20a ./Core/Src/platform/usart.o
 .debug_macro   0x000177d1      0x34e ./Core/Src/sensor/complementary_filter.o
 .debug_macro   0x00017b1f      0x41a ./Core/Src/sensor/imu_config.o
 .debug_macro   0x00017f39      0x352 ./Core/Src/sensor/mag_calibration.o
 .debug_macro   0x0001828b      0x39c ./Core/Src/sensor/magnetometer_sensor.o
 .debug_macro   0x00018627      0x36c ./Core/Src/sensor/sensor_common.o
 .debug_macro   0x00018993      0x251 ./Drivers/STM32F4xx_HAL_Driver/Src/stm32f4xx_hal.o
 .debug_macro   0x00018be4      0x1f1 ./Drivers/STM32F4xx_HAL_Driver/Src/stm32f4xx_hal_cortex.o
 .debug_macro   0x00018dd5      0x1f7 ./Drivers/STM32F4xx_HAL_Driver/Src/stm32f4xx_hal_dma.o
 .debug_macro   0x00018fcc      0x1f7 ./Drivers/STM32F4xx_HAL_Driver/Src/stm32f4xx_hal_gpio.o
 .debug_macro   0x000191c3      0x23f ./Drivers/STM32F4xx_HAL_Driver/Src/stm32f4xx_hal_i2c.o
 .debug_macro   0x00019402      0x215 ./Drivers/STM32F4xx_HAL_Driver/Src/stm32f4xx_hal_rcc.o
 .debug_macro   0x00019617      0x200 ./Drivers/STM32F4xx_HAL_Driver/Src/stm32f4xx_hal_spi.o
 .debug_macro   0x00019817      0x1f2 ./Drivers/STM32F4xx_HAL_Driver/Src/stm32f4xx_hal_tim.o
 .debug_macro   0x00019a09      0x1f1 ./Drivers/STM32F4xx_HAL_Driver/Src/stm32f4xx_hal_tim_ex.o
 .debug_macro   0x00019bfa      0x1f2 ./Drivers/STM32F4xx_HAL_Driver/Src/stm32f4xx_hal_uart.o

.debug_line     0x00000000    0x1c2e1
 .debug_line    0x00000000      0xc66 ./Core/Src/comm/pid_tuning.o
 .debug_line    0x00000c66      0xccb ./Core/Src/main.o
 .debug_line    0x00001931      0xbcc ./Core/Src/main1.o
 .debug_line    0x000024fd      0x811 ./Core/Src/platform/delay.o
 .debug_line    0x00002d0e      0x7b1 ./Core/Src/platform/dma.o
 .debug_line    0x000034bf      0x7ce ./Core/Src/platform/gpio.o
 .debug_line    0x00003c8d      0x849 ./Core/Src/platform/i2c.o
 .debug_line    0x000044d6      0x826 ./Core/Src/platform/spi.o
 .debug_line    0x00004cfc      0x79b ./Core/Src/platform/stm32f4xx_hal_msp.o
 .debug_line    0x00005497      0x8d7 ./Core/Src/platform/stm32f4xx_it.o
 .debug_line    0x00005d6e      0x811 ./Core/Src/platform/system_stm32f4xx.o
 .debug_line    0x0000657f      0x9de ./Core/Src/platform/tim.o
 .debug_line    0x00006f5d      0x8e8 ./Core/Src/platform/usart.o
 .debug_line    0x00007845      0xc99 ./Core/Src/sensor/complementary_filter.o
 .debug_line    0x000084de      0xe65 ./Core/Src/sensor/imu_config.o
 .debug_line    0x00009343      0xaf9 ./Core/Src/sensor/mag_calibration.o
 .debug_line    0x00009e3c      0xb06 ./Core/Src/sensor/magnetometer_sensor.o
 .debug_line    0x0000a942      0x9c8 ./Core/Src/sensor/sensor_common.o
 .debug_line    0x0000b30a       0x7a ./Core/Startup/startup_stm32f411ceux.o
 .debug_line    0x0000b384      0xa87 ./Drivers/STM32F4xx_HAL_Driver/Src/stm32f4xx_hal.o
 .debug_line    0x0000be0b      0xd54 ./Drivers/STM32F4xx_HAL_Driver/Src/stm32f4xx_hal_cortex.o
 .debug_line    0x0000cb5f      0xff0 ./Drivers/STM32F4xx_HAL_Driver/Src/stm32f4xx_hal_dma.o
 .debug_line    0x0000db4f      0xb9d ./Drivers/STM32F4xx_HAL_Driver/Src/stm32f4xx_hal_gpio.o
 .debug_line    0x0000e6ec     0x3b31 ./Drivers/STM32F4xx_HAL_Driver/Src/stm32f4xx_hal_i2c.o
 .debug_line    0x0001221d      0xe91 ./Drivers/STM32F4xx_HAL_Driver/Src/stm32f4xx_hal_rcc.o
 .debug_line    0x000130ae     0x1d1f ./Drivers/STM32F4xx_HAL_Driver/Src/stm32f4xx_hal_spi.o
 .debug_line    0x00014dcd     0x35c9 ./Drivers/STM32F4xx_HAL_Driver/Src/stm32f4xx_hal_tim.o
 .debug_line    0x00018396     0x197f ./Drivers/STM32F4xx_HAL_Driver/Src/stm32f4xx_hal_tim_ex.o
 .debug_line    0x00019d15     0x25cc ./Drivers/STM32F4xx_HAL_Driver/Src/stm32f4xx_hal_uart.o

.debug_str      0x00000000    0x951eb
 .debug_str     0x00000000    0x951eb ./Core/Src/comm/pid_tuning.o
                              0x8fb77 (size before relaxing)
 .debug_str     0x000951eb    0x8fa86 ./Core/Src/main.o
 .debug_str     0x000951eb    0x8f596 ./Core/Src/main1.o
 .debug_str     0x000951eb    0x8a563 ./Core/Src/platform/delay.o
 .debug_str     0x000951eb    0x8a47b ./Core/Src/platform/dma.o
 .debug_str     0x000951eb    0x8a181 ./Core/Src/platform/gpio.o
 .debug_str     0x000951eb    0x8a6de ./Core/Src/platform/i2c.o
 .debug_str     0x000951eb    0x8a60d ./Core/Src/platform/spi.o
 .debug_str     0x000951eb    0x8a0b6 ./Core/Src/platform/stm32f4xx_hal_msp.o
 .debug_str     0x000951eb    0x8a579 ./Core/Src/platform/stm32f4xx_it.o
 .debug_str     0x000951eb    0x8a139 ./Core/Src/platform/system_stm32f4xx.o
 .debug_str     0x000951eb    0x8a8c7 ./Core/Src/platform/tim.o
 .debug_str     0x000951eb    0x8aa6f ./Core/Src/platform/usart.o