../Core/Src/control/flight_control.c:47:18:clamp_float	24	static
../Core/Src/control/flight_control.c:58:18:normalize_optical_flow_quality	16	static
../Core/Src/control/flight_control.c:66:13:reset_optical_flow_controller	8	static
../Core/Src/control/flight_control.c:78:13:invalidate_optical_flow_hold	8	static
../Core/Src/control/flight_control.c:85:13:capture_optical_flow_hold_position	8	static
../Core/Src/control/flight_control.c:97:13:age_optical_flow_data	16	static
../Core/Src/control/flight_control.c:112:13:compute_optical_flow_correction	56	static
../Core/Src/control/flight_control.c:163:13:MIX_THROTTLE	32	static
../Core/Src/control/flight_control.c:187:13:Control_Motor	16	static
../Core/Src/control/flight_control.c:207:6:FlightController_InitMotorOutputs	8	static
../Core/Src/control/flight_control.c:220:6:RESET_ALL_PID	8	static
../Core/Src/control/flight_control.c:231:6:FlightController_ResetOpticalFlowHold	72	static
../Core/Src/control/flight_control.c:240:6:FlightController_UpdateOpticalFlowVelocity	56	static
../Core/Src/control/flight_control.c:299:6:FlightController_GetOpticalFlowState	24	static
../Core/Src/control/flight_control.c:306:6:MPC	48	static
