../Core/Src/sensor/imu_config.c:43:13:ICM20602_Select	8	static
../Core/Src/sensor/imu_config.c:48:13:ICM20602_Deselect	8	static
../Core/Src/sensor/imu_config.c:53:26:ICM20602_WriteRegister	24	static
../Core/Src/sensor/imu_config.c:65:26:ICM20602_ReadRegisters	64	static
../Core/Src/sensor/imu_config.c:93:26:ICM20602_ReadRegister	16	static
../Core/Src/sensor/imu_config.c:98:13:ICM20602_ParseMotionFrame	48	static
../Core/Src/sensor/imu_config.c:309:6:ICM20602_Init	16	static
../Core/Src/sensor/imu_config.c:366:6:ICM20602_Calibrate	56	static
../Core/Src/sensor/imu_config.c:412:9:ICM20602_IsReady	4	static
../Core/Src/sensor/imu_config.c:417:9:ICM20602_GetWhoAmI	4	static
../Core/Src/sensor/imu_config.c:422:9:ICM20602_GetLastReadOk	4	static
../Core/Src/sensor/imu_config.c:427:6:IMU_PROCESS	24	static
