../Core/Src/sensor/imu_config.c:41:13:ICM20602_Select	8	static
../Core/Src/sensor/imu_config.c:46:13:ICM20602_Deselect	8	static
../Core/Src/sensor/imu_config.c:51:26:ICM20602_WriteRegister	24	static
../Core/Src/sensor/imu_config.c:63:26:ICM20602_ReadRegisters	64	static
../Core/Src/sensor/imu_config.c:91:26:ICM20602_ReadRegister	16	static
../Core/Src/sensor/imu_config.c:96:13:ICM20602_ParseMotionFrame	48	static
../Core/Src/sensor/imu_config.c:305:6:ICM20602_Init	16	static
../Core/Src/sensor/imu_config.c:359:6:ICM20602_Calibrate	48	static
../Core/Src/sensor/imu_config.c:400:9:ICM20602_IsReady	4	static
../Core/Src/sensor/imu_config.c:405:6:IMU_PROCESS	24	static
