../Core/Src/main.c:79:5:main	8	static
../Core/Src/main.c:92:20:App_GetTestName	16	static
../Core/Src/main.c:108:13:App_InitCommon	8	static
../Core/Src/main.c:118:13:App_InitSelectedTest	16	static
../Core/Src/main.c:168:13:App_RunSelectedTest	8	static
../Core/Src/main.c:193:13:App_RunLedTest	8	static
../Core/Src/main.c:199:13:App_RunUart1Test	16	static
../Core/Src/main.c:211:13:App_RunImuTest	32	static
../Core/Src/main.c:286:13:App_RunMagTest	96	static
../Core/Src/main.c:307:13:App_SendLog	4	static
../Core/Src/main.c:339:13:App_ToggleHeartbeat	16	static
